Microchip MPLAB XC8 Compiler V2.32

Linker command line:

-W-3 --edf=C:\Program Files\Microchip\xc8\v2.32\pic\dat\en_msgs.txt -cn \
  -h+dist/default/production\Lab05.X.production.sym \
  --cmf=dist/default/production\Lab05.X.production.cmf -z -Q16F887 \
  -oC:\Users\Ale\AppData\Local\Temp\xcAs7r0.4 --defsym=__MPLAB_BUILD=1 \
  -Mdist/default/production/Lab05.X.production.map -E1 -ver=XC8 Compiler \
  --acfsm=1493 -ASTACK=0110h-016Fh -pstack=STACK -ACODE=00h-07FFhx4 \
  -ASTRCODE=00h-01FFFh -ASTRING=00h-0FFhx32 -ACONST=00h-0FFhx32 \
  -AENTRY=00h-0FFhx32 -ACOMMON=070h-07Fh -ABANK0=020h-06Fh \
  -ABANK1=0A0h-0EFh -ABANK2=0110h-016Fh -ABANK3=0190h-01EFh \
  -ARAM=020h-06Fh,0A0h-0EFh,0110h-016Fh,0190h-01EFh \
  -AABS1=020h-07Fh,0A0h-0EFh,0110h-016Fh,0190h-01EFh -ASFR0=00h-01Fh \
  -ASFR1=080h-09Fh -ASFR2=0100h-010Fh -ASFR3=0180h-018Fh \
  -ACONFIG=02007h-02008h -DCONFIG=2 -AIDLOC=02000h-02003h -DIDLOC=2 \
  -AEEDATA=00h-0FFh/02100h -peeprom_data=EEDATA -DEEDATA=2 -DCODE=2 \
  -DSTRCODE=2 -DSTRING=2 -DCONST=2 -DENTRY=2 \
  -preset_vec=00h,intentry=04h,init,end_init -ppowerup=CODE -pcinit=CODE \
  -pfunctab=ENTRY -k C:\Users\Ale\AppData\Local\Temp\xcAs7r0.o \
  dist/default/production\Lab05.X.production.o 

Object code version is 3.11

Machine type is 16F887



                Name                               Link     Load   Length Selector   Space Scale
C:\Users\Ale\AppData\Local\Temp\xcAs7r0.o
                end_init                              C        C        3        8       0
                reset_vec                             0        0        3        0       0
                config                             2007     2007        2        0       4
dist/default/production\Lab05.X.production.o
                cinit                                 F        F       10        8       0
                intentry                              4        4        8        8       0
                text1_split_1                        1F       1F      530        8       0
                config                             2007     2007        2        0       4
                text26                             1CAD     1CAD       28     395A       0
                text25                             1C3B     1C3B        A     3876       0
                text24                             1C87     1C87       26     390E       0
                text23                             10A2     10A2       31     2144       0
                text22                             1D55     1D55       50     3AAA       0
                text21                             10D3     10D3       A4     21A6       0
                text20                             1C45     1C45        B     388A       0
                text19                              54F      54F      288        8       0
                text18                             1DA5     1DA5       50     3B4A       0
                text17                              802      802       7C     1004       0
                text16                             1EA4     1EA4       68     3D48       0
                text15                             1DF5     1DF5       56     3BEA       0
                text14                             1C62     1C62       25     38C4       0
                text13                             1177     1177       BC     22EE       0
                text12                              87E      87E       BE     10FC       0
                text11                             1233     1233       BD     2466       0
                text10                              7D7      7D7       29        8       0
                text9                               93C      93C      361     1278       0
                text8                              1D0F     1D0F       46     3A1E       0
                text7                              1CD5     1CD5       3A     39AA       0
                text6                              12F0     12F0      20D     25E0       0
                text5                              1C50     1C50       12     38A0       0
                text4                              1F0C     1F0C       69     3E18       0
                text3                              1E4B     1E4B       59     3C96       0
                text2                               C9D      C9D      363     193A       0
                text1                              14FD     14FD      303     29FA       0
                maintext                           1F75     1F75       8B     3EEA       0
                cstackBANK0                          20       20       4F       20       1
                cstackCOMMON                         70       70        B       70       1
                cstackBANK1                          A0       A0       2C       A0       1
                clrtext                            1C33     1C33        8     3866       0
                bssBANK1                             CC       CC       1F       A0       1
                bssBANK0                             6F       6F        1       20       1
                nvBANK3                             190      190        4      190       1
                nvBANK1                              EB       EB        4       A0       1
                strings                            1000     1000       9C     2000       0

TOTAL           Name                               Link     Load   Length     Space
        CLASS   STACK          

        CLASS   CODE           
                end_init                              C        C        3         0
                cinit                                 F        F       10         0
                intentry                              4        4        8         0
                reset_vec                             0        0        3         0
                text1_split_1                        1F       1F      530         0
                text26                             1CAD     1CAD       28         0
                text25                             1C3B     1C3B        A         0
                text24                             1C87     1C87       26         0
                text23                             10A2     10A2       31         0
                text22                             1D55     1D55       50         0
                text21                             10D3     10D3       A4         0
                text20                             1C45     1C45        B         0
                text19                              54F      54F      288         0
                text18                             1DA5     1DA5       50         0
                text17                              802      802       7C         0
                text16                             1EA4     1EA4       68         0
                text15                             1DF5     1DF5       56         0
                text14                             1C62     1C62       25         0
                text13                             1177     1177       BC         0
                text12                              87E      87E       BE         0
                text11                             1233     1233       BD         0
                text10                              7D7      7D7       29         0
                text9                               93C      93C      361         0
                text8                              1D0F     1D0F       46         0
                text7                              1CD5     1CD5       3A         0
                text6                              12F0     12F0      20D         0
                text5                              1C50     1C50       12         0
                text4                              1F0C     1F0C       69         0
                text3                              1E4B     1E4B       59         0
                text2                               C9D      C9D      363         0
                text1                              14FD     14FD      303         0
                maintext                           1F75     1F75       8B         0
                clrtext                            1C33     1C33        8         0

        CLASS   STRCODE        

        CLASS   STRING         
                strings                            1000     1000       9C         0

        CLASS   CONST          

        CLASS   ENTRY          

        CLASS   COMMON         
                cstackCOMMON                         70       70        B         1

        CLASS   BANK0          
                cstackBANK0                          20       20       4F         1
                bssBANK0                             6F       6F        1         1

        CLASS   BANK1          
                cstackBANK1                          A0       A0       2C         1
                bssBANK1                             CC       CC       1F         1
                nvBANK1                              EB       EB        4         1

        CLASS   BANK2          

        CLASS   BANK3          
                nvBANK3                             190      190        4         1

        CLASS   RAM            

        CLASS   ABS1           
                abs_s1                               7E       7E        2         1

        CLASS   SFR0           

        CLASS   SFR1           

        CLASS   SFR2           

        CLASS   SFR3           

        CLASS   CONFIG         
                config                             2007     2007        2         4

        CLASS   IDLOC          

        CLASS   EEDATA         



SEGMENTS        Name                           Load    Length   Top    Selector   Space  Class     Delta

                reset_vec                      000000  000003  000003         0       0  CODE        2
                intentry                       000004  0007FC  000800         8       0  CODE        2
                cstackBANK0                    000020  000050  000070        20       1  BANK0       1
                cstackCOMMON                   000070  00000B  00007B        70       1  COMMON      1
                cstackBANK1                    0000A0  00004F  0000EF        A0       1  BANK1       1
                nvBANK3                        000190  000004  000194       190       1  BANK3       1
                text17                         000802  00007C  00087E      1004       0  CODE        2
                text12                         00087E  0000BE  00093C      10FC       0  CODE        2
                text9                          00093C  000361  000C9D      1278       0  CODE        2
                text2                          000C9D  000363  001000      193A       0  CODE        2
                strings                        001000  00009C  00109C      2000       0  STRING      2
                text23                         0010A2  000031  0010D3      2144       0  CODE        2
                text21                         0010D3  0000A4  001177      21A6       0  CODE        2
                text13                         001177  0000BC  001233      22EE       0  CODE        2
                text11                         001233  0000BD  0012F0      2466       0  CODE        2
                text6                          0012F0  00020D  0014FD      25E0       0  CODE        2
                text1                          0014FD  000303  001800      29FA       0  CODE        2
                clrtext                        001C33  000008  001C3B      3866       0  CODE        2
                text25                         001C3B  00000A  001C45      3876       0  CODE        2
                text20                         001C45  00000B  001C50      388A       0  CODE        2
                text5                          001C50  000012  001C62      38A0       0  CODE        2
                text14                         001C62  000025  001C87      38C4       0  CODE        2
                text24                         001C87  000026  001CAD      390E       0  CODE        2
                text26                         001CAD  000028  001CD5      395A       0  CODE        2
                text7                          001CD5  00003A  001D0F      39AA       0  CODE        2
                text8                          001D0F  000046  001D55      3A1E       0  CODE        2
                text22                         001D55  000050  001DA5      3AAA       0  CODE        2
                text18                         001DA5  000050  001DF5      3B4A       0  CODE        2
                text15                         001DF5  000056  001E4B      3BEA       0  CODE        2
                text3                          001E4B  000059  001EA4      3C96       0  CODE        2
                text16                         001EA4  000068  001F0C      3D48       0  CODE        2
                text4                          001F0C  000069  001F75      3E18       0  CODE        2
                maintext                       001F75  00008B  002000      3EEA       0  CODE        2


UNUSED ADDRESS RANGES

        Name                Unused          Largest block    Delta
        BANK1            000EF-000EF               1           1
        BANK2            00110-0016F              60           1
        BANK3            00194-001EF              5C           1
        CODE             00003-00003               1           2
                         00800-00801               2
                         0109C-010A1               6
                         01800-01C32             433
        COMMON           0007B-0007D               3           1
        CONST            00003-00003               1           2
                         00800-00801               2
                         0109C-010A1               6
                         01800-01C32             100
        EEDATA           02100-021FF             100           2
        ENTRY            00003-00003               1           2
                         00800-00801               2
                         0109C-010A1               6
                         01800-01C32             100
        IDLOC            02000-02003               4           2
        RAM              000EF-000EF               1           1
                         00110-0016F              60
                         00194-001EF              5C
        SFR0             00000-0001F              20           1
        SFR1             00080-0009F              20           1
        SFR2             00100-0010F              10           1
        SFR3             00180-0018F              10           1
        STACK            00110-0016F              60           1
        STRCODE          00003-00003               1           2
                         00800-00801               2
                         0109C-010A1               6
                         01800-01C32             433
        STRING           00003-00003               1           2
                         00800-00801               2
                         0109C-010A1               6
                         01800-01C32             100

                                  Symbol Table

?__Umul8_16              cstackCOMMON 00073
?___awdiv                cstackBANK0  00020
?___awmod                cstackCOMMON 00073
?___fladd                cstackBANK0  00056
?___flmul                cstackBANK0  00028
?___flneg                cstackCOMMON 00073
?___flsub                cstackBANK1  000A0
?___fltol                cstackBANK0  00055
?___lldiv                cstackCOMMON 00073
?___llmod                cstackCOMMON 00073
?___lwdiv                cstackBANK0  00020
?___lwmod                cstackCOMMON 00073
?___wmul                 cstackCOMMON 00073
?___xxtofl               cstackCOMMON 00073
?__div_to_l_             cstackCOMMON 00073
?__tdiv_to_l_            cstackCOMMON 00073
?_fround                 cstackBANK0  00042
?_scale                  cstackBANK0  00042
?_sprintf                cstackBANK0  0006A
_ANSEL                   (abs)        00188
_ANSELH                  (abs)        00189
_BAUDCTLbits             (abs)        00187
_INTCONbits              (abs)        0000B
_IOCBbits                (abs)        00096
_OPTION_REGbits          (abs)        00081
_OSCCONbits              (abs)        0008F
_PIE1bits                (abs)        0008C
_PIR1bits                (abs)        0000C
_PORTA                   (abs)        00005
_PORTBbits               (abs)        00006
_PORTD                   (abs)        00008
_RBIF                    (abs)        00058
_RCREG                   (abs)        0001A
_RCSTAbits               (abs)        00018
_SPBRG                   (abs)        00099
_SPBRGH                  (abs)        0009A
_TRISA                   (abs)        00085
_TRISB                   (abs)        00086
_TRISCbits               (abs)        00087
_TRISD                   (abs)        00088
_TXIF                    (abs)        00064
_TXREG                   (abs)        00019
_TXSTAbits               (abs)        00098
_WPUBbits                (abs)        00095
__Habs1                  abs1         00000
__Hbank0                 bank0        00000
__Hbank1                 bank1        00000
__Hbank2                 bank2        00000
__Hbank3                 bank3        00000
__HbssBANK0              bssBANK0     00000
__HbssBANK1              bssBANK1     00000
__Hcinit                 cinit        0001F
__Hclrtext               clrtext      00000
__Hcode                  code         00000
__Hcommon                common       00000
__Hconfig                config       02009
__HcstackBANK0           cstackBANK0  00000
__HcstackBANK1           cstackBANK1  00000
__HcstackCOMMON          cstackCOMMON 00000
__Heeprom_data           eeprom_data  00000
__Hend_init              end_init     0000F
__Hfunctab               functab      00000
__Hinit                  init         0000C
__Hintentry              intentry     0000C
__Hmaintext              maintext     00000
__HnvBANK1               nvBANK1      00000
__HnvBANK3               nvBANK3      00000
__Hpowerup               powerup      00000
__Hram                   ram          00000
__Hreset_vec             reset_vec    00003
__Hsfr0                  sfr0         00000
__Hsfr1                  sfr1         00000
__Hsfr2                  sfr2         00000
__Hsfr3                  sfr3         00000
__Hspace_0               (abs)        02000
__Hspace_1               (abs)        00194
__Hspace_2               (abs)        00000
__Hspace_3               (abs)        00000
__Hspace_4               (abs)        04010
__Hstack                 stack        00000
__Hstrings               strings      00000
__Htext                  text         00000
__Labs1                  abs1         00000
__Lbank0                 bank0        00000
__Lbank1                 bank1        00000
__Lbank2                 bank2        00000
__Lbank3                 bank3        00000
__LbssBANK0              bssBANK0     00000
__LbssBANK1              bssBANK1     00000
__Lcinit                 cinit        0000F
__Lclrtext               clrtext      00000
__Lcode                  code         00000
__Lcommon                common       00000
__Lconfig                config       00000
__LcstackBANK0           cstackBANK0  00000
__LcstackBANK1           cstackBANK1  00000
__LcstackCOMMON          cstackCOMMON 00000
__Leeprom_data           eeprom_data  00000
__Lend_init              end_init     0000C
__Lfunctab               functab      00000
__Linit                  init         0000C
__Lintentry              intentry     00004
__Lmaintext              maintext     00000
__LnvBANK1               nvBANK1      00000
__LnvBANK3               nvBANK3      00000
__Lpowerup               powerup      00000
__Lram                   ram          00000
__Lreset_vec             reset_vec    00000
__Lsfr0                  sfr0         00000
__Lsfr1                  sfr1         00000
__Lsfr2                  sfr2         00000
__Lsfr3                  sfr3         00000
__Lspace_0               (abs)        00000
__Lspace_1               (abs)        00000
__Lspace_2               (abs)        00000
__Lspace_3               (abs)        00000
__Lspace_4               (abs)        00000
__Lstack                 stack        00000
__Lstrings               strings      00000
__Ltext                  text         00000
__S0                     (abs)        02000
__S1                     (abs)        00194
__S2                     (abs)        00000
__S3                     (abs)        00000
__Umul8_16               text10       007D7
__Umul8_16@multiplicand  cstackCOMMON 00073
__Umul8_16@multiplier    cstackBANK0  00024
__Umul8_16@product       cstackBANK0  00020
__Umul8_16@word_mpld     cstackBANK0  00022
___awdiv                 text4        01F0C
___awdiv@counter         cstackBANK0  00024
___awdiv@dividend        cstackBANK0  00022
___awdiv@divisor         cstackBANK0  00020
___awdiv@quotient        cstackBANK0  00026
___awdiv@sign            cstackBANK0  00025
___awmod                 text3        01E4B
___awmod@counter         cstackCOMMON 00078
___awmod@dividend        cstackCOMMON 00075
___awmod@divisor         cstackCOMMON 00073
___awmod@sign            cstackCOMMON 00079
___fladd                 text19       0054F
___fladd@a               cstackBANK0  0005A
___fladd@aexp            cstackBANK0  00067
___fladd@b               cstackBANK0  00056
___fladd@bexp            cstackBANK0  00068
___fladd@grs             cstackBANK0  00069
___fladd@signs           cstackBANK0  00066
___fleq                  text22       01D55
___fleq@ff1              cstackCOMMON 00073
___fleq@ff2              cstackCOMMON 00077
___flge                  text21       010D3
___flge@ff1              cstackCOMMON 00073
___flge@ff2              cstackCOMMON 00077
___flmul                 text9        0093C
___flmul@a               cstackBANK0  0002C
___flmul@aexp            cstackBANK0  0003A
___flmul@b               cstackBANK0  00028
___flmul@bexp            cstackBANK0  0003B
___flmul@grs             cstackBANK0  00036
___flmul@prod            cstackBANK0  0003C
___flmul@sign            cstackBANK0  00035
___flmul@temp            cstackBANK0  00040
___flneg                 text20       01C45
___flneg@f1              cstackCOMMON 00073
___flsub                 text18       01DA5
___flsub@a               cstackBANK1  000A0
___flsub@b               cstackBANK1  000A4
___fltol                 text17       00802
___fltol@exp1            cstackBANK0  0005F
___fltol@f1              cstackBANK0  00055
___fltol@sign1           cstackBANK0  0005E
___int_sp                stack        00000
___latbits               (abs)        00002
___lldiv                 text16       01EA4
___lldiv@counter         cstackBANK0  00025
___lldiv@dividend        cstackCOMMON 00077
___lldiv@divisor         cstackCOMMON 00073
___lldiv@quotient        cstackBANK0  00021
___llmod                 text15       01DF5
___llmod@counter         cstackBANK0  00021
___llmod@dividend        cstackCOMMON 00077
___llmod@divisor         cstackCOMMON 00073
___lwdiv                 text8        01D0F
___lwdiv@counter         cstackBANK0  00026
___lwdiv@dividend        cstackBANK0  00022
___lwdiv@divisor         cstackBANK0  00020
___lwdiv@quotient        cstackBANK0  00024
___lwmod                 text7        01CD5
___lwmod@counter         cstackCOMMON 00078
___lwmod@dividend        cstackCOMMON 00075
___lwmod@divisor         cstackCOMMON 00073
___sp                    stack        00000
___stackhi               (abs)        00000
___stacklo               (abs)        00000
___wmul                  text14       01C62
___wmul@multiplicand     cstackCOMMON 00075
___wmul@multiplier       cstackCOMMON 00073
___wmul@product          cstackCOMMON 00077
___xxtofl                text13       01177
___xxtofl@arg            cstackBANK0  00022
___xxtofl@exp            cstackBANK0  00021
___xxtofl@sign           cstackBANK0  00020
___xxtofl@val            cstackCOMMON 00073
__div_to_l_              text12       0087E
__div_to_l_@cntr         cstackBANK0  00025
__div_to_l_@exp1         cstackBANK0  00026
__div_to_l_@f1           cstackCOMMON 00073
__div_to_l_@f2           cstackCOMMON 00077
__div_to_l_@quot         cstackBANK0  00021
__end_of__Umul8_16       text10       00800
__end_of___awdiv         text4        01F75
__end_of___awmod         text3        01EA4
__end_of___fladd         text19       007D7
__end_of___fleq          text22       01DA5
__end_of___flge          text21       01177
__end_of___flmul         text9        00C9D
__end_of___flneg         text20       01C50
__end_of___flsub         text18       01DF5
__end_of___fltol         text17       0087E
__end_of___lldiv         text16       01F0C
__end_of___llmod         text15       01E4B
__end_of___lwdiv         text8        01D55
__end_of___lwmod         text7        01D0F
__end_of___wmul          text14       01C87
__end_of___xxtofl        text13       01233
__end_of__div_to_l_      text12       0093C
__end_of__initialization cinit        0001B
__end_of__npowers_       strings      0106E
__end_of__powers_        strings      0103A
__end_of__stringtab      strings      01006
__end_of__tdiv_to_l_     text11       012F0
__end_of_dpowers         strings      01096
__end_of_fround          text6        014FD
__end_of_isdigit         text5        01C62
__end_of_isr             text26       01CD5
__end_of_main            maintext     02000
__end_of_scale           text2        01000
__end_of_send_char       text25       01C45
__end_of_send_str        text24       01CAD
__end_of_setup           text23       010D3
__end_of_sprintf         text1_split_1 0054F
__initialization         cinit        0000F
__npowers_               strings      0103A
__pbssBANK0              bssBANK0     0006F
__pbssBANK1              bssBANK1     000CC
__pcstackBANK0           cstackBANK0  00020
__pcstackBANK1           cstackBANK1  000A0
__pcstackCOMMON          cstackCOMMON 00070
__pintentry              intentry     00004
__pmaintext              maintext     01F75
__pnvBANK1               nvBANK1      000EB
__pnvBANK3               nvBANK3      00190
__powers_                strings      01006
__pstrings               strings      01000
__ptext1                 text1        014FD
__ptext10                text10       007D7
__ptext11                text11       01233
__ptext12                text12       0087E
__ptext13                text13       01177
__ptext14                text14       01C62
__ptext15                text15       01DF5
__ptext16                text16       01EA4
__ptext17                text17       00802
__ptext18                text18       01DA5
__ptext19                text19       0054F
__ptext2                 text2        00C9D
__ptext20                text20       01C45
__ptext21                text21       010D3
__ptext22                text22       01D55
__ptext23                text23       010A2
__ptext24                text24       01C87
__ptext25                text25       01C3B
__ptext26                text26       01CAD
__ptext3                 text3        01E4B
__ptext4                 text4        01F0C
__ptext5                 text5        01C50
__ptext6                 text6        012F0
__ptext7                 text7        01CD5
__ptext8                 text8        01D0F
__ptext9                 text9        0093C
__size_of__Umul8_16      (abs)        00000
__size_of___awdiv        (abs)        00000
__size_of___awmod        (abs)        00000
__size_of___fladd        (abs)        00000
__size_of___fleq         (abs)        00000
__size_of___flge         (abs)        00000
__size_of___flmul        (abs)        00000
__size_of___flneg        (abs)        00000
__size_of___flsub        (abs)        00000
__size_of___fltol        (abs)        00000
__size_of___lldiv        (abs)        00000
__size_of___llmod        (abs)        00000
__size_of___lwdiv        (abs)        00000
__size_of___lwmod        (abs)        00000
__size_of___wmul         (abs)        00000
__size_of___xxtofl       (abs)        00000
__size_of__div_to_l_     (abs)        00000
__size_of__tdiv_to_l_    (abs)        00000
__size_of_fround         (abs)        00000
__size_of_isdigit        (abs)        00000
__size_of_isr            (abs)        00000
__size_of_main           (abs)        00000
__size_of_scale          (abs)        00000
__size_of_send_char      (abs)        00000
__size_of_send_str       (abs)        00000
__size_of_setup          (abs)        00000
__size_of_sprintf        (abs)        00000
__stringbase             strings      01005
__stringtab              strings      01000
__tdiv_to_l_             text11       01233
__tdiv_to_l_@cntr        cstackBANK0  00028
__tdiv_to_l_@exp1        cstackBANK0  00029
__tdiv_to_l_@f1          cstackCOMMON 00073
__tdiv_to_l_@f2          cstackCOMMON 00077
__tdiv_to_l_@quot        cstackBANK0  00024
_dig1                    bssBANK0     0006F
_dig2                    bssBANK1     000CC
_dpowers                 strings      0106E
_fround                  text6        012F0
_fround$1152             cstackBANK0  00051
_fround$1153             cstackBANK0  0004D
_isdigit                 text5        01C50
_isdigit$981             cstackCOMMON 00073
_isr                     text26       01CAD
_main                    maintext     01F75
_s                       bssBANK1     000CD
_scale                   text2        00C9D
_scale$1154              cstackBANK0  00050
_send_char               text25       01C3B
_send_str                text24       01C87
_setup                   text23       010A2
_sprintf                 text1        014FD
_sprintf$1155            cstackBANK1  000AD
_val1                    nvBANK1      000EB
_val2                    nvBANK3      00190
btemp                    (abs)        0007E
clear_ram0               clrtext      01C33
end_of_initialization    cinit        0001B
fround@prec              cstackBANK0  00055
interrupt_function       intentry     00004
intlevel0                functab      00000
intlevel1                functab      00000
intlevel2                functab      00000
intlevel3                functab      00000
intlevel4                functab      00000
intlevel5                functab      00000
isdigit@c                cstackCOMMON 00074
pnum$text1               (abs)        0000D
pnum$text1_split_1       (abs)        00029
psplit$0                 (abs)        D0029
reset_vec                reset_vec    00000
saved_w                  (abs)        0007E
scale@scl                cstackBANK0  00054
send_char@dato           cstackCOMMON 00073
send_str@i               cstackCOMMON 00075
send_str@st              cstackCOMMON 00077
sprintf@ap               cstackBANK1  000B1
sprintf@c                cstackBANK1  000C7
sprintf@eexp             cstackBANK1  000BA
sprintf@f                cstackBANK0  0006A
sprintf@flag             cstackBANK1  000BC
sprintf@fval             cstackBANK1  000C0
sprintf@prec             cstackBANK1  000C4
sprintf@sp               cstackBANK1  000C6
sprintf@tmpval           cstackBANK1  000B6
sprintf@val              cstackBANK1  000B2
sprintf@width            cstackBANK1  000BE
start                    init         0000C
start_initialization     cinit        0000F
wtemp0                   (abs)        0007E


MODULE INFORMATION

Module		Function		Class		Link	Load	Size
USART.c
		_send_str      		CODE           	1C87	0000	38
		_send_char     		CODE           	1C3B	0000	10

USART.c estimated size: 48

C:\Program Files\Microchip\xc8\v2.32\pic\sources\c90\common\isdigit.c
		_isdigit       		CODE           	1C50	0000	18

C:\Program Files\Microchip\xc8\v2.32\pic\sources\c90\common\isdigit.c estimated size: 18

C:\Program Files\Microchip\xc8\v2.32\pic\sources\c90\common\sprcadd.c
		___flsub       		CODE           	1DA5	0000	80
		___fladd       		CODE           	054F	0000	648

C:\Program Files\Microchip\xc8\v2.32\pic\sources\c90\common\sprcadd.c estimated size: 728

C:\Program Files\Microchip\xc8\v2.32\pic\sources\c90\common\flge.c
		___flge        		CODE           	10D3	0000	164

C:\Program Files\Microchip\xc8\v2.32\pic\sources\c90\common\flge.c estimated size: 164

C:\Program Files\Microchip\xc8\v2.32\pic\sources\c90\common\fldivl.c
		__div_to_l_    		CODE           	087E	0000	190

C:\Program Files\Microchip\xc8\v2.32\pic\sources\c90\common\fldivl.c estimated size: 190

C:\Program Files\Microchip\xc8\v2.32\pic\sources\c90\common\flneg.c
		___flneg       		CODE           	1C45	0000	11

C:\Program Files\Microchip\xc8\v2.32\pic\sources\c90\common\flneg.c estimated size: 11

C:\Program Files\Microchip\xc8\v2.32\pic\sources\c90\common\xxtofl.c
		___xxtofl      		CODE           	1177	0000	188

C:\Program Files\Microchip\xc8\v2.32\pic\sources\c90\common\xxtofl.c estimated size: 188

C:\Program Files\Microchip\xc8\v2.32\pic\sources\c90\common\Umul8_16.c
		__Umul8_16     		CODE           	07D7	0000	41

C:\Program Files\Microchip\xc8\v2.32\pic\sources\c90\common\Umul8_16.c estimated size: 41

C:\Program Files\Microchip\xc8\v2.32\pic\sources\c90\common\lwmod.c
		___lwmod       		CODE           	1CD5	0000	58

C:\Program Files\Microchip\xc8\v2.32\pic\sources\c90\common\lwmod.c estimated size: 58

C:\Program Files\Microchip\xc8\v2.32\pic\sources\c90\common\awmod.c
		___awmod       		CODE           	1E4B	0000	89

C:\Program Files\Microchip\xc8\v2.32\pic\sources\c90\common\awmod.c estimated size: 89

C:\Program Files\Microchip\xc8\v2.32\pic\sources\c90\common\llmod.c
		___llmod       		CODE           	1DF5	0000	86

C:\Program Files\Microchip\xc8\v2.32\pic\sources\c90\common\llmod.c estimated size: 86

shared
		__stringtab    		STRING         	1000	0000	6
		__powers_      		STRING         	1006	0000	52
		_dpowers       		STRING         	106E	0000	40
		__npowers_     		STRING         	103A	0000	52
		__initialization		CODE           	000F	0000	12

shared estimated size: 162

C:\Program Files\Microchip\xc8\v2.32\pic\sources\c90\common\fleq.c
		___fleq        		CODE           	1D55	0000	80

C:\Program Files\Microchip\xc8\v2.32\pic\sources\c90\common\fleq.c estimated size: 80

C:\Program Files\Microchip\xc8\v2.32\pic\sources\c90\common\sprcmul.c
		___flmul       		CODE           	093C	0000	865

C:\Program Files\Microchip\xc8\v2.32\pic\sources\c90\common\sprcmul.c estimated size: 865

C:\Program Files\Microchip\xc8\v2.32\pic\sources\c90\common\doprnt.c
		_scale         		CODE           	0C9D	0000	867
		_sprintf       		CODE           	14FD	0000	2099
		_fround        		CODE           	12F0	0000	525

C:\Program Files\Microchip\xc8\v2.32\pic\sources\c90\common\doprnt.c estimated size: 3491

C:\Program Files\Microchip\xc8\v2.32\pic\sources\c90\common\ftdivl.c
		__tdiv_to_l_   		CODE           	1233	0000	189

C:\Program Files\Microchip\xc8\v2.32\pic\sources\c90\common\ftdivl.c estimated size: 189

C:\Program Files\Microchip\xc8\v2.32\pic\sources\c90\common\lwdiv.c
		___lwdiv       		CODE           	1D0F	0000	70

C:\Program Files\Microchip\xc8\v2.32\pic\sources\c90\common\lwdiv.c estimated size: 70

C:\Program Files\Microchip\xc8\v2.32\pic\sources\c90\common\awdiv.c
		___awdiv       		CODE           	1F0C	0000	105

C:\Program Files\Microchip\xc8\v2.32\pic\sources\c90\common\awdiv.c estimated size: 105

C:\Program Files\Microchip\xc8\v2.32\pic\sources\c90\common\Umul16.c
		___wmul        		CODE           	1C62	0000	37

C:\Program Files\Microchip\xc8\v2.32\pic\sources\c90\common\Umul16.c estimated size: 37

C:\Program Files\Microchip\xc8\v2.32\pic\sources\c90\common\fltol.c
		___fltol       		CODE           	0802	0000	124

C:\Program Files\Microchip\xc8\v2.32\pic\sources\c90\common\fltol.c estimated size: 124

Lab05.c
		_main          		CODE           	1F75	0000	139
		_isr           		CODE           	1CAD	0000	40
		_setup         		CODE           	10A2	0000	49

Lab05.c estimated size: 228

C:\Program Files\Microchip\xc8\v2.32\pic\sources\c90\common\__lldiv.c
		___lldiv       		CODE           	1EA4	0000	104

C:\Program Files\Microchip\xc8\v2.32\pic\sources\c90\common\__lldiv.c estimated size: 104

