Microchip MPLAB XC8 Compiler V2.32

Linker command line:

-W-3 --edf=C:\Program Files\Microchip\xc8\v2.32\pic\dat\en_msgs.txt -cn \
  -h+dist/default/production\Lab01.X.production.sym \
  --cmf=dist/default/production\Lab01.X.production.cmf -z -Q16F887 \
  -oC:\Users\Ale\AppData\Local\Temp\xcAs197c.4 --defsym=__MPLAB_BUILD=1 \
  -Mdist/default/production/Lab01.X.production.map -E1 -ver=XC8 Compiler \
  --acfsm=1493 -ASTACK=0110h-016Fh -pstack=STACK -ACODE=00h-07FFhx4 \
  -ASTRCODE=00h-01FFFh -ASTRING=00h-0FFhx32 -ACONST=00h-0FFhx32 \
  -AENTRY=00h-0FFhx32 -ACOMMON=070h-07Fh -ABANK0=020h-06Fh \
  -ABANK1=0A0h-0EFh -ABANK2=0110h-016Fh -ABANK3=0190h-01EFh \
  -ARAM=020h-06Fh,0A0h-0EFh,0110h-016Fh,0190h-01EFh \
  -AABS1=020h-07Fh,0A0h-0EFh,0110h-016Fh,0190h-01EFh -ASFR0=00h-01Fh \
  -ASFR1=080h-09Fh -ASFR2=0100h-010Fh -ASFR3=0180h-018Fh \
  -ACONFIG=02007h-02008h -DCONFIG=2 -AIDLOC=02000h-02003h -DIDLOC=2 \
  -AEEDATA=00h-0FFh/02100h -peeprom_data=EEDATA -DEEDATA=2 -DCODE=2 \
  -DSTRCODE=2 -DSTRING=2 -DCONST=2 -DENTRY=2 \
  -preset_vec=00h,intentry=04h,init,end_init -ppowerup=CODE -pcinit=CODE \
  -pfunctab=ENTRY -k C:\Users\Ale\AppData\Local\Temp\xcAs197c.o \
  dist/default/production\Lab01.X.production.o 

Object code version is 3.11

Machine type is 16F887



                Name                               Link     Load   Length Selector   Space Scale
C:\Users\Ale\AppData\Local\Temp\xcAs197c.o
                end_init                              C        C        3        8       0
                reset_vec                             0        0        3        0       0
                config                             2007     2007        2        0       4
dist/default/production\Lab01.X.production.o
                cinit                                 F        F        B        8       0
                intentry                              4        4        8        8       0
                config                             2007     2007        2        0       4
                text5                               139      139       1C        8       0
                text4                               16A      16A        8        8       0
                text3                                9A       9A       69        8       0
                text2                               155      155       15        8       0
                text1                               103      103       36        8       0
                maintext                             1A       1A       80        8       0
                cstackBANK0                          20       20        7       20       1
                cstackCOMMON                         70       70        8       70       1
                bssBANK0                             27       27        2       20       1
                bssCOMMON                            78       78        3       70       1

TOTAL           Name                               Link     Load   Length     Space
        CLASS   STACK          

        CLASS   CODE           
                end_init                              C        C        3         0
                cinit                                 F        F        B         0
                intentry                              4        4        8         0
                reset_vec                             0        0        3         0
                text5                               139      139       1C         0
                text4                               16A      16A        8         0
                text3                                9A       9A       69         0
                text2                               155      155       15         0
                text1                               103      103       36         0
                maintext                             1A       1A       80         0

        CLASS   STRCODE        

        CLASS   STRING         

        CLASS   CONST          

        CLASS   ENTRY          

        CLASS   COMMON         
                cstackCOMMON                         70       70        8         1
                bssCOMMON                            78       78        3         1

        CLASS   BANK0          
                cstackBANK0                          20       20        7         1
                bssBANK0                             27       27        2         1

        CLASS   BANK1          

        CLASS   BANK2          

        CLASS   BANK3          

        CLASS   RAM            

        CLASS   ABS1           
                abs_s1                               7E       7E        2         1

        CLASS   SFR0           

        CLASS   SFR1           

        CLASS   SFR2           

        CLASS   SFR3           

        CLASS   CONFIG         
                config                             2007     2007        2         4

        CLASS   IDLOC          

        CLASS   EEDATA         



SEGMENTS        Name                           Load    Length   Top    Selector   Space  Class     Delta

                reset_vec                      000000  000003  000003         0       0  CODE        2
                intentry                       000004  00016E  000172         8       0  CODE        2
                cstackBANK0                    000020  000009  000029        20       1  BANK0       1
                cstackCOMMON                   000070  00000B  00007B        70       1  COMMON      1


UNUSED ADDRESS RANGES

        Name                Unused          Largest block    Delta
        BANK0            0029-006F             47           1
        BANK1            00A0-00EF             50           1
        BANK2            0110-016F             60           1
        BANK3            0190-01EF             60           1
        CODE             0003-0003              1           2
                         0172-1FFF            800
        COMMON           007B-007D              3           1
        CONST            0003-0003              1           2
                         0172-1FFF            100
        EEDATA           2100-21FF            100           2
        ENTRY            0003-0003              1           2
                         0172-1FFF            100
        IDLOC            2000-2003              4           2
        RAM              0029-006F             47           1
                         00A0-00EF             50
                         0110-016F             60
                         0190-01EF             60
        SFR0             0000-001F             20           1
        SFR1             0080-009F             20           1
        SFR2             0100-010F             10           1
        SFR3             0180-018F             10           1
        STACK            0110-016F             60           1
        STRCODE          0003-0003              1           2
                         0172-1FFF           1E8E
        STRING           0003-0003              1           2
                         0172-1FFF            100

                                  Symbol Table

?___awdiv                cstackCOMMON 0073
ADC@dig                  cstackCOMMON 0074
_ADC                     text4        016A
_ADCON0bits              (abs)        001F
_ADCON1bits              (abs)        009F
_ADRESH                  (abs)        001E
_ANSEL                   (abs)        0188
_ANSELH                  (abs)        0189
_INTCONbits              (abs)        000B
_OSCCONbits              (abs)        008F
_PORTA                   (abs)        0005
_PORTB                   (abs)        0006
_PORTBbits               (abs)        0006
_PORTC                   (abs)        0007
_PORTD                   (abs)        0008
_RBIF                    (abs)        0058
_TRISA                   (abs)        0085
_TRISBbits               (abs)        0086
_TRISC                   (abs)        0087
_TRISD                   (abs)        0088
_TRISE                   (abs)        0089
_TRISEbits               (abs)        0089
__Habs1                  abs1         0000
__Hbank0                 bank0        0000
__Hbank1                 bank1        0000
__Hbank2                 bank2        0000
__Hbank3                 bank3        0000
__HbssBANK0              bssBANK0     0000
__HbssCOMMON             bssCOMMON    0000
__Hcinit                 cinit        001A
__Hclrtext               clrtext      0000
__Hcode                  code         0000
__Hcommon                common       0000
__Hconfig                config       2009
__HcstackBANK0           cstackBANK0  0000
__HcstackCOMMON          cstackCOMMON 0000
__Heeprom_data           eeprom_data  0000
__Hend_init              end_init     000F
__Hfunctab               functab      0000
__Hinit                  init         000C
__Hintentry              intentry     000C
__Hmaintext              maintext     0000
__Hpowerup               powerup      0000
__Hram                   ram          0000
__Hreset_vec             reset_vec    0003
__Hsfr0                  sfr0         0000
__Hsfr1                  sfr1         0000
__Hsfr2                  sfr2         0000
__Hsfr3                  sfr3         0000
__Hspace_0               (abs)        0172
__Hspace_1               (abs)        007B
__Hspace_2               (abs)        0000
__Hspace_3               (abs)        0000
__Hspace_4               (abs)        4010
__Hstack                 stack        0000
__Hstrings               strings      0000
__Htext                  text         0000
__Labs1                  abs1         0000
__Lbank0                 bank0        0000
__Lbank1                 bank1        0000
__Lbank2                 bank2        0000
__Lbank3                 bank3        0000
__LbssBANK0              bssBANK0     0000
__LbssCOMMON             bssCOMMON    0000
__Lcinit                 cinit        000F
__Lclrtext               clrtext      0000
__Lcode                  code         0000
__Lcommon                common       0000
__Lconfig                config       0000
__LcstackBANK0           cstackBANK0  0000
__LcstackCOMMON          cstackCOMMON 0000
__Leeprom_data           eeprom_data  0000
__Lend_init              end_init     000C
__Lfunctab               functab      0000
__Linit                  init         000C
__Lintentry              intentry     0004
__Lmaintext              maintext     0000
__Lpowerup               powerup      0000
__Lram                   ram          0000
__Lreset_vec             reset_vec    0000
__Lsfr0                  sfr0         0000
__Lsfr1                  sfr1         0000
__Lsfr2                  sfr2         0000
__Lsfr3                  sfr3         0000
__Lspace_0               (abs)        0000
__Lspace_1               (abs)        0000
__Lspace_2               (abs)        0000
__Lspace_3               (abs)        0000
__Lspace_4               (abs)        0000
__Lstack                 stack        0000
__Lstrings               strings      0000
__Ltext                  text         0000
__S0                     (abs)        0172
__S1                     (abs)        007B
__S2                     (abs)        0000
__S3                     (abs)        0000
___awdiv                 text3        009A
___awdiv@counter         cstackBANK0  0020
___awdiv@dividend        cstackCOMMON 0075
___awdiv@divisor         cstackCOMMON 0073
___awdiv@quotient        cstackBANK0  0022
___awdiv@sign            cstackBANK0  0021
___bmul                  text2        0155
___bmul@multiplicand     cstackCOMMON 0073
___bmul@multiplier       cstackCOMMON 0076
___bmul@product          cstackCOMMON 0075
___int_sp                stack        0000
___latbits               (abs)        0002
___sp                    stack        0000
___stackhi               (abs)        0000
___stacklo               (abs)        0000
__end_of_ADC             text4        0172
__end_of___awdiv         text3        0103
__end_of___bmul          text2        016A
__end_of__initialization cinit        0016
__end_of_isr             text5        0155
__end_of_main            maintext     009A
__end_of_setup           text1        0139
__initialization         cinit        000F
__pbssBANK0              bssBANK0     0027
__pbssCOMMON             bssCOMMON    0078
__pcstackBANK0           cstackBANK0  0020
__pcstackCOMMON          cstackCOMMON 0070
__pintentry              intentry     0004
__pmaintext              maintext     001A
__ptext1                 text1        0103
__ptext2                 text2        0155
__ptext3                 text3        009A
__ptext4                 text4        016A
__ptext5                 text5        0139
__size_of_ADC            (abs)        0000
__size_of___awdiv        (abs)        0000
__size_of___bmul         (abs)        0000
__size_of_isr            (abs)        0000
__size_of_main           (abs)        0000
__size_of_setup          (abs)        0000
_isr                     text5        0139
_main                    maintext     001A
_seg1                    bssCOMMON    0078
_seg2                    bssBANK0     0027
_setup                   text1        0103
_val                     bssCOMMON    0079
btemp                    (abs)        007E
end_of_initialization    cinit        0016
interrupt_function       intentry     0004
intlevel0                functab      0000
intlevel1                functab      0000
intlevel2                functab      0000
intlevel3                functab      0000
intlevel4                functab      0000
intlevel5                functab      0000
reset_vec                reset_vec    0000
saved_w                  (abs)        007E
start                    init         000C
start_initialization     cinit        000F
wtemp0                   (abs)        007E


MODULE INFORMATION

Module		Function		Class		Link	Load	Size
C:\Program Files\Microchip\xc8\v2.32\pic\sources\c90\common\Umul8.c
		___bmul        		CODE           	0155	0000	21

C:\Program Files\Microchip\xc8\v2.32\pic\sources\c90\common\Umul8.c estimated size: 21

Lab01.c
		_main          		CODE           	001A	0000	128
		_isr           		CODE           	0139	0000	28
		_setup         		CODE           	0103	0000	54

Lab01.c estimated size: 210

shared
		__initialization		CODE           	000F	0000	7

shared estimated size: 7

ADC.c
		_ADC           		CODE           	016A	0000	8

ADC.c estimated size: 8

C:\Program Files\Microchip\xc8\v2.32\pic\sources\c90\common\awdiv.c
		___awdiv       		CODE           	009A	0000	105

C:\Program Files\Microchip\xc8\v2.32\pic\sources\c90\common\awdiv.c estimated size: 105

