Microchip MPLAB XC8 Compiler V2.32

Linker command line:

-W-3 --edf=C:\Program Files\Microchip\xc8\v2.32\pic\dat\en_msgs.txt -cn \
  -h+dist/default/production\Lab02.X.production.sym \
  --cmf=dist/default/production\Lab02.X.production.cmf -z -Q16F887 \
  -oC:\Users\Ale\AppData\Local\Temp\xcAsvm4.4 --defsym=__MPLAB_BUILD=1 \
  -Mdist/default/production/Lab02.X.production.map -E1 -ver=XC8 Compiler \
  --acfsm=1493 -ASTACK=0110h-016Fh -pstack=STACK -ACODE=00h-07FFhx4 \
  -ASTRCODE=00h-01FFFh -ASTRING=00h-0FFhx32 -ACONST=00h-0FFhx32 \
  -AENTRY=00h-0FFhx32 -ACOMMON=070h-07Fh -ABANK0=020h-06Fh \
  -ABANK1=0A0h-0EFh -ABANK2=0110h-016Fh -ABANK3=0190h-01EFh \
  -ARAM=020h-06Fh,0A0h-0EFh,0110h-016Fh,0190h-01EFh \
  -AABS1=020h-07Fh,0A0h-0EFh,0110h-016Fh,0190h-01EFh -ASFR0=00h-01Fh \
  -ASFR1=080h-09Fh -ASFR2=0100h-010Fh -ASFR3=0180h-018Fh \
  -ACONFIG=02007h-02008h -DCONFIG=2 -AIDLOC=02000h-02003h -DIDLOC=2 \
  -AEEDATA=00h-0FFh/02100h -peeprom_data=EEDATA -DEEDATA=2 -DCODE=2 \
  -DSTRCODE=2 -DSTRING=2 -DCONST=2 -DENTRY=2 \
  -preset_vec=00h,intentry=04h,init,end_init -ppowerup=CODE -pcinit=CODE \
  -pfunctab=ENTRY -k C:\Users\Ale\AppData\Local\Temp\xcAsvm4.o \
  dist/default/production\Lab02.X.production.o 

Object code version is 3.11

Machine type is 16F887



                Name                               Link     Load   Length Selector   Space Scale
C:\Users\Ale\AppData\Local\Temp\xcAsvm4.o
                end_init                              C        C        3        8       0
                reset_vec                             0        0        3        0       0
                config                             2007     2007        2        0       4
dist/default/production\Lab02.X.production.o
                cinit                                 F        F       19        8       0
                intentry                              4        4        8        8       0
                config                             2007     2007        2        0       4
                text34                             196D     196D       11     32DA       0
                text33                             193B     193B        8     3276       0
                text32                              7F9      7F9        6        8       0
                text31                             1990     1990       1A     3320       0
                text30                             1960     1960        D     32C0       0
                text29                             1A37     1A37       41     346E       0
                text28                             19C5     19C5       24     338A       0
                text27                             19AA     19AA       1B     3354       0
                text26                             1ABB     1ABB       46     3576       0
                text25                             194B     194B        A     3296       0
                text24                              7B2      7B2       47        8       0
                text23                             1A78     1A78       43     34F0       0
                text22                             1B47     1B47       50     368E       0
                text21                             1DE3     1DE3       A4     3BC6       0
                text20                             1955     1955        B     32AA       0
                text19                             12D1     12D1      288     25A2       0
                text18                             1B97     1B97       50     372E       0
                text17                             1D67     1D67       7C     3ACE       0
                text16                             1C96     1C96       68     392C       0
                text15                             1BE7     1BE7       56     37CE       0
                text14                             19E9     19E9       25     33D2       0
                text13                             1E87     1E87       BC     3D0E       0
                text12                             1006     1006       BE     200C       0
                text11                             1F43     1F43       BD     3E86       0
                text10                             1A0E     1A0E       29     341C       0
                text9                               93C      93C      361     1278       0
                text8                              1B01     1B01       46     3602       0
                text7                               902      902       3A     1204       0
                text6                              10C4     10C4      20D     2188       0
                text5                              197E     197E       12     32FC       0
                text4                              1CFE     1CFE       69     39FC       0
                text3                              1C3D     1C3D       59     387A       0
                text2                               C9D      C9D      363     193A       0
                text1                                28       28      78A        8       0
                maintext                           1559     1559      2A7     2AB2       0
                cstackBANK0                          20       20       4F       20       1
                cstackCOMMON                         70       70        B       70       1
                cstackBANK1                          A0       A0       2C       A0       1
                clrtext                            1943     1943        8     3286       0
                bssBANK3                            190      190       1E      190       1
                bssBANK1                             CC       CC        F       A0       1
                bssBANK0                             6F       6F        1       20       1
                strings                             800      800       FC     1000       0

TOTAL           Name                               Link     Load   Length     Space
        CLASS   STACK          

        CLASS   CODE           
                end_init                              C        C        3         0
                cinit                                 F        F       19         0
                intentry                              4        4        8         0
                reset_vec                             0        0        3         0
                text34                             196D     196D       11         0
                text33                             193B     193B        8         0
                text32                              7F9      7F9        6         0
                text31                             1990     1990       1A         0
                text30                             1960     1960        D         0
                text29                             1A37     1A37       41         0
                text28                             19C5     19C5       24         0
                text27                             19AA     19AA       1B         0
                text26                             1ABB     1ABB       46         0
                text25                             194B     194B        A         0
                text24                              7B2      7B2       47         0
                text23                             1A78     1A78       43         0
                text22                             1B47     1B47       50         0
                text21                             1DE3     1DE3       A4         0
                text20                             1955     1955        B         0
                text19                             12D1     12D1      288         0
                text18                             1B97     1B97       50         0
                text17                             1D67     1D67       7C         0
                text16                             1C96     1C96       68         0
                text15                             1BE7     1BE7       56         0
                text14                             19E9     19E9       25         0
                text13                             1E87     1E87       BC         0
                text12                             1006     1006       BE         0
                text11                             1F43     1F43       BD         0
                text10                             1A0E     1A0E       29         0
                text9                               93C      93C      361         0
                text8                              1B01     1B01       46         0
                text7                               902      902       3A         0
                text6                              10C4     10C4      20D         0
                text5                              197E     197E       12         0
                text4                              1CFE     1CFE       69         0
                text3                              1C3D     1C3D       59         0
                text2                               C9D      C9D      363         0
                text1                                28       28      78A         0
                maintext                           1559     1559      2A7         0
                clrtext                            1943     1943        8         0

        CLASS   STRCODE        

        CLASS   STRING         
                strings                             800      800       FC         0

        CLASS   CONST          

        CLASS   ENTRY          

        CLASS   COMMON         
                cstackCOMMON                         70       70        B         1

        CLASS   BANK0          
                cstackBANK0                          20       20       4F         1
                bssBANK0                             6F       6F        1         1

        CLASS   BANK1          
                cstackBANK1                          A0       A0       2C         1
                bssBANK1                             CC       CC        F         1

        CLASS   BANK2          

        CLASS   BANK3          
                bssBANK3                            190      190       1E         1

        CLASS   RAM            

        CLASS   ABS1           
                abs_s1                               7E       7E        2         1

        CLASS   SFR0           

        CLASS   SFR1           

        CLASS   SFR2           

        CLASS   SFR3           

        CLASS   CONFIG         
                config                             2007     2007        2         4

        CLASS   IDLOC          

        CLASS   EEDATA         



SEGMENTS        Name                           Load    Length   Top    Selector   Space  Class     Delta

                reset_vec                      000000  000003  000003         0       0  CODE        2
                intentry                       000004  0007FB  0007FF         8       0  CODE        2
                cstackBANK0                    000020  000050  000070        20       1  BANK0       1
                cstackCOMMON                   000070  00000B  00007B        70       1  COMMON      1
                cstackBANK1                    0000A0  00003B  0000DB        A0       1  BANK1       1
                bssBANK3                       000190  00001E  0001AE       190       1  BANK3       1
                strings                        000800  0000FC  0008FC      1000       0  STRING      2
                text7                          000902  00003A  00093C      1204       0  CODE        2
                text9                          00093C  000361  000C9D      1278       0  CODE        2
                text2                          000C9D  000363  001000      193A       0  CODE        2
                text12                         001006  0000BE  0010C4      200C       0  CODE        2
                text6                          0010C4  00020D  0012D1      2188       0  CODE        2
                text19                         0012D1  000288  001559      25A2       0  CODE        2
                maintext                       001559  0002A7  001800      2AB2       0  CODE        2
                text33                         00193B  000008  001943      3276       0  CODE        2
                clrtext                        001943  000008  00194B      3286       0  CODE        2
                text25                         00194B  00000A  001955      3296       0  CODE        2
                text20                         001955  00000B  001960      32AA       0  CODE        2
                text30                         001960  00000D  00196D      32C0       0  CODE        2
                text34                         00196D  000011  00197E      32DA       0  CODE        2
                text5                          00197E  000012  001990      32FC       0  CODE        2
                text31                         001990  00001A  0019AA      3320       0  CODE        2
                text27                         0019AA  00001B  0019C5      3354       0  CODE        2
                text28                         0019C5  000024  0019E9      338A       0  CODE        2
                text14                         0019E9  000025  001A0E      33D2       0  CODE        2
                text10                         001A0E  000029  001A37      341C       0  CODE        2
                text29                         001A37  000041  001A78      346E       0  CODE        2
                text23                         001A78  000043  001ABB      34F0       0  CODE        2
                text26                         001ABB  000046  001B01      3576       0  CODE        2
                text8                          001B01  000046  001B47      3602       0  CODE        2
                text22                         001B47  000050  001B97      368E       0  CODE        2
                text18                         001B97  000050  001BE7      372E       0  CODE        2
                text15                         001BE7  000056  001C3D      37CE       0  CODE        2
                text3                          001C3D  000059  001C96      387A       0  CODE        2
                text16                         001C96  000068  001CFE      392C       0  CODE        2
                text4                          001CFE  000069  001D67      39FC       0  CODE        2
                text17                         001D67  00007C  001DE3      3ACE       0  CODE        2
                text21                         001DE3  0000A4  001E87      3BC6       0  CODE        2
                text13                         001E87  0000BC  001F43      3D0E       0  CODE        2
                text11                         001F43  0000BD  002000      3E86       0  CODE        2


UNUSED ADDRESS RANGES

        Name                Unused          Largest block    Delta
        BANK1            00DB-00EF             15           1
        BANK2            0110-016F             60           1
        BANK3            01AE-01EF             42           1
        CODE             0003-0003              1           2
                         07FF-07FF              1
                         08FC-0901              6
                         1000-1005              6
                         1800-193A            13B
        COMMON           007B-007D              3           1
        CONST            0003-0003              1           2
                         07FF-07FF              1
                         08FC-0901              4
                         1000-1005              6
                         1800-193A            100
        EEDATA           2100-21FF            100           2
        ENTRY            0003-0003              1           2
                         07FF-07FF              1
                         08FC-0901              4
                         1000-1005              6
                         1800-193A            100
        IDLOC            2000-2003              4           2
        RAM              00DB-00EF             15           1
                         0110-016F             60
                         01AE-01EF             42
        SFR0             0000-001F             20           1
        SFR1             0080-009F             20           1
        SFR2             0100-010F             10           1
        SFR3             0180-018F             10           1
        STACK            0110-016F             60           1
        STRCODE          0003-0003              1           2
                         07FF-07FF              1
                         08FC-0901              6
                         1000-1005              6
                         1800-193A            13B
        STRING           0003-0003              1           2
                         07FF-07FF              1
                         08FC-0901              4
                         1000-1005              6
                         1800-193A            100

                                  Symbol Table

?__Umul8_16                cstackCOMMON 0073
?___awdiv                  cstackBANK0  0020
?___awmod                  cstackCOMMON 0073
?___fladd                  cstackBANK0  0056
?___flmul                  cstackBANK0  0028
?___flneg                  cstackCOMMON 0073
?___flsub                  cstackBANK1  00A0
?___fltol                  cstackBANK0  0055
?___lldiv                  cstackCOMMON 0073
?___llmod                  cstackCOMMON 0073
?___lwdiv                  cstackBANK0  0020
?___lwmod                  cstackCOMMON 0073
?___wmul                   cstackCOMMON 0073
?___xxtofl                 cstackCOMMON 0073
?__div_to_l_               cstackCOMMON 0073
?__tdiv_to_l_              cstackCOMMON 0073
?_fround                   cstackBANK0  0042
?_scale                    cstackBANK0  0042
?_sprintf                  cstackBANK0  006A
ADC@dig                    cstackCOMMON 0074
Lcd_Cmd@a                  cstackCOMMON 0076
Lcd_Port@a                 cstackCOMMON 0073
Lcd_Set_Cursor@a           cstackCOMMON 0079
Lcd_Set_Cursor@b           cstackCOMMON 0077
Lcd_Set_Cursor@temp        cstackCOMMON 007A
Lcd_Write_Char@a           cstackCOMMON 0075
Lcd_Write_String@a         cstackCOMMON 0076
Lcd_Write_String@i         cstackBANK0  0020
_ADC                       text33       193B
_ADCON0bits                (abs)        001F
_ADCON1bits                (abs)        009F
_ADRESH                    (abs)        001E
_ANSEL                     (abs)        0188
_ANSELH                    (abs)        0189
_BAUDCTLbits               (abs)        0187
_INTCONbits                (abs)        000B
_Lcd_Clear                 text30       1960
_Lcd_Cmd                   text31       1990
_Lcd_Init                  text29       1A37
_Lcd_Port                  text32       07F9
_Lcd_Set_Cursor            text28       19C5
_Lcd_Write_Char            text27       19AA
_Lcd_Write_String          text26       1ABB
_PIE1bits                  (abs)        008C
_PIR1bits                  (abs)        000C
_PORTA                     (abs)        0005
_PORTCbits                 (abs)        0007
_RCREG                     (abs)        001A
_RCSTAbits                 (abs)        0018
_SPBRG                     (abs)        0099
_SPBRGH                    (abs)        009A
_TRISA                     (abs)        0085
_TRISCbits                 (abs)        0087
_TRISE                     (abs)        0089
_TXIF                      (abs)        0064
_TXREG                     (abs)        0019
_TXSTAbits                 (abs)        0098
__Habs1                    abs1         0000
__Hbank0                   bank0        0000
__Hbank1                   bank1        0000
__Hbank2                   bank2        0000
__Hbank3                   bank3        0000
__HbssBANK0                bssBANK0     0000
__HbssBANK1                bssBANK1     0000
__HbssBANK3                bssBANK3     0000
__Hcinit                   cinit        0028
__Hclrtext                 clrtext      0000
__Hcode                    code         0000
__Hcommon                  common       0000
__Hconfig                  config       2009
__HcstackBANK0             cstackBANK0  0000
__HcstackBANK1             cstackBANK1  0000
__HcstackCOMMON            cstackCOMMON 0000
__Heeprom_data             eeprom_data  0000
__Hend_init                end_init     000F
__Hfunctab                 functab      0000
__Hinit                    init         000C
__Hintentry                intentry     000C
__Hmaintext                maintext     0000
__Hpowerup                 powerup      0000
__Hram                     ram          0000
__Hreset_vec               reset_vec    0003
__Hsfr0                    sfr0         0000
__Hsfr1                    sfr1         0000
__Hsfr2                    sfr2         0000
__Hsfr3                    sfr3         0000
__Hspace_0                 (abs)        2000
__Hspace_1                 (abs)        01AE
__Hspace_2                 (abs)        0000
__Hspace_3                 (abs)        0000
__Hspace_4                 (abs)        4010
__Hstack                   stack        0000
__Hstrings                 strings      0000
__Htext                    text         0000
__Labs1                    abs1         0000
__Lbank0                   bank0        0000
__Lbank1                   bank1        0000
__Lbank2                   bank2        0000
__Lbank3                   bank3        0000
__LbssBANK0                bssBANK0     0000
__LbssBANK1                bssBANK1     0000
__LbssBANK3                bssBANK3     0000
__Lcinit                   cinit        000F
__Lclrtext                 clrtext      0000
__Lcode                    code         0000
__Lcommon                  common       0000
__Lconfig                  config       0000
__LcstackBANK0             cstackBANK0  0000
__LcstackBANK1             cstackBANK1  0000
__LcstackCOMMON            cstackCOMMON 0000
__Leeprom_data             eeprom_data  0000
__Lend_init                end_init     000C
__Lfunctab                 functab      0000
__Linit                    init         000C
__Lintentry                intentry     0004
__Lmaintext                maintext     0000
__Lpowerup                 powerup      0000
__Lram                     ram          0000
__Lreset_vec               reset_vec    0000
__Lsfr0                    sfr0         0000
__Lsfr1                    sfr1         0000
__Lsfr2                    sfr2         0000
__Lsfr3                    sfr3         0000
__Lspace_0                 (abs)        0000
__Lspace_1                 (abs)        0000
__Lspace_2                 (abs)        0000
__Lspace_3                 (abs)        0000
__Lspace_4                 (abs)        0000
__Lstack                   stack        0000
__Lstrings                 strings      0000
__Ltext                    text         0000
__S0                       (abs)        2000
__S1                       (abs)        01AE
__S2                       (abs)        0000
__S3                       (abs)        0000
__Umul8_16                 text10       1A0E
__Umul8_16@multiplicand    cstackCOMMON 0073
__Umul8_16@multiplier      cstackBANK0  0024
__Umul8_16@product         cstackBANK0  0020
__Umul8_16@word_mpld       cstackBANK0  0022
___awdiv                   text4        1CFE
___awdiv@counter           cstackBANK0  0024
___awdiv@dividend          cstackBANK0  0022
___awdiv@divisor           cstackBANK0  0020
___awdiv@quotient          cstackBANK0  0026
___awdiv@sign              cstackBANK0  0025
___awmod                   text3        1C3D
___awmod@counter           cstackCOMMON 0078
___awmod@dividend          cstackCOMMON 0075
___awmod@divisor           cstackCOMMON 0073
___awmod@sign              cstackCOMMON 0079
___fladd                   text19       12D1
___fladd@a                 cstackBANK0  005A
___fladd@aexp              cstackBANK0  0067
___fladd@b                 cstackBANK0  0056
___fladd@bexp              cstackBANK0  0068
___fladd@grs               cstackBANK0  0069
___fladd@signs             cstackBANK0  0066
___fleq                    text22       1B47
___fleq@ff1                cstackCOMMON 0073
___fleq@ff2                cstackCOMMON 0077
___flge                    text21       1DE3
___flge@ff1                cstackCOMMON 0073
___flge@ff2                cstackCOMMON 0077
___flmul                   text9        093C
___flmul@a                 cstackBANK0  002C
___flmul@aexp              cstackBANK0  003A
___flmul@b                 cstackBANK0  0028
___flmul@bexp              cstackBANK0  003B
___flmul@grs               cstackBANK0  0036
___flmul@prod              cstackBANK0  003C
___flmul@sign              cstackBANK0  0035
___flmul@temp              cstackBANK0  0040
___flneg                   text20       1955
___flneg@f1                cstackCOMMON 0073
___flsub                   text18       1B97
___flsub@a                 cstackBANK1  00A0
___flsub@b                 cstackBANK1  00A4
___fltol                   text17       1D67
___fltol@exp1              cstackBANK0  005F
___fltol@f1                cstackBANK0  0055
___fltol@sign1             cstackBANK0  005E
___int_sp                  stack        0000
___latbits                 (abs)        0002
___lldiv                   text16       1C96
___lldiv@counter           cstackBANK0  0025
___lldiv@dividend          cstackCOMMON 0077
___lldiv@divisor           cstackCOMMON 0073
___lldiv@quotient          cstackBANK0  0021
___llmod                   text15       1BE7
___llmod@counter           cstackBANK0  0021
___llmod@dividend          cstackCOMMON 0077
___llmod@divisor           cstackCOMMON 0073
___lwdiv                   text8        1B01
___lwdiv@counter           cstackBANK0  0026
___lwdiv@dividend          cstackBANK0  0022
___lwdiv@divisor           cstackBANK0  0020
___lwdiv@quotient          cstackBANK0  0024
___lwmod                   text7        0902
___lwmod@counter           cstackCOMMON 0078
___lwmod@dividend          cstackCOMMON 0075
___lwmod@divisor           cstackCOMMON 0073
___sp                      stack        0000
___stackhi                 (abs)        0000
___stacklo                 (abs)        0000
___wmul                    text14       19E9
___wmul@multiplicand       cstackCOMMON 0075
___wmul@multiplier         cstackCOMMON 0073
___wmul@product            cstackCOMMON 0077
___xxtofl                  text13       1E87
___xxtofl@arg              cstackBANK0  0022
___xxtofl@exp              cstackBANK0  0021
___xxtofl@sign             cstackBANK0  0020
___xxtofl@val              cstackCOMMON 0073
__div_to_l_                text12       1006
__div_to_l_@cntr           cstackBANK0  0025
__div_to_l_@exp1           cstackBANK0  0026
__div_to_l_@f1             cstackCOMMON 0073
__div_to_l_@f2             cstackCOMMON 0077
__div_to_l_@quot           cstackBANK0  0021
__end_of_ADC               text33       1943
__end_of_Lcd_Clear         text30       196D
__end_of_Lcd_Cmd           text31       19AA
__end_of_Lcd_Init          text29       1A78
__end_of_Lcd_Port          text32       07FF
__end_of_Lcd_Set_Cursor    text28       19E9
__end_of_Lcd_Write_Char    text27       19C5
__end_of_Lcd_Write_String  text26       1B01
__end_of__Umul8_16         text10       1A37
__end_of___awdiv           text4        1D67
__end_of___awmod           text3        1C96
__end_of___fladd           text19       1559
__end_of___fleq            text22       1B97
__end_of___flge            text21       1E87
__end_of___flmul           text9        0C9D
__end_of___flneg           text20       1960
__end_of___flsub           text18       1BE7
__end_of___fltol           text17       1DE3
__end_of___lldiv           text16       1CFE
__end_of___llmod           text15       1C3D
__end_of___lwdiv           text8        1B47
__end_of___lwmod           text7        093C
__end_of___wmul            text14       1A0E
__end_of___xxtofl          text13       1F43
__end_of__div_to_l_        text12       10C4
__end_of__initialization   cinit        0024
__end_of__npowers_         strings      0878
__end_of__powers_          strings      0844
__end_of__stringtab        strings      0810
__end_of__tdiv_to_l_       text11       2000
__end_of_dpowers           strings      08A0
__end_of_fround            text6        12D1
__end_of_isdigit           text5        1990
__end_of_isr               text34       197E
__end_of_main              maintext     1800
__end_of_scale             text2        1000
__end_of_send_char         text25       1955
__end_of_send_str          text24       07F9
__end_of_setup             text23       1ABB
__end_of_sprintf           text1        07B2
__initialization           cinit        000F
__npowers_                 strings      0844
__pbssBANK0                bssBANK0     006F
__pbssBANK1                bssBANK1     00CC
__pbssBANK3                bssBANK3     0190
__pcstackBANK0             cstackBANK0  0020
__pcstackBANK1             cstackBANK1  00A0
__pcstackCOMMON            cstackCOMMON 0070
__pintentry                intentry     0004
__pmaintext                maintext     1559
__powers_                  strings      0810
__pstrings                 strings      0800
__ptext1                   text1        0028
__ptext10                  text10       1A0E
__ptext11                  text11       1F43
__ptext12                  text12       1006
__ptext13                  text13       1E87
__ptext14                  text14       19E9
__ptext15                  text15       1BE7
__ptext16                  text16       1C96
__ptext17                  text17       1D67
__ptext18                  text18       1B97
__ptext19                  text19       12D1
__ptext2                   text2        0C9D
__ptext20                  text20       1955
__ptext21                  text21       1DE3
__ptext22                  text22       1B47
__ptext23                  text23       1A78
__ptext24                  text24       07B2
__ptext25                  text25       194B
__ptext26                  text26       1ABB
__ptext27                  text27       19AA
__ptext28                  text28       19C5
__ptext29                  text29       1A37
__ptext3                   text3        1C3D
__ptext30                  text30       1960
__ptext31                  text31       1990
__ptext32                  text32       07F9
__ptext33                  text33       193B
__ptext34                  text34       196D
__ptext4                   text4        1CFE
__ptext5                   text5        197E
__ptext6                   text6        10C4
__ptext7                   text7        0902
__ptext8                   text8        1B01
__ptext9                   text9        093C
__size_of_ADC              (abs)        0000
__size_of_Lcd_Clear        (abs)        0000
__size_of_Lcd_Cmd          (abs)        0000
__size_of_Lcd_Init         (abs)        0000
__size_of_Lcd_Port         (abs)        0000
__size_of_Lcd_Set_Cursor   (abs)        0000
__size_of_Lcd_Write_Char   (abs)        0000
__size_of_Lcd_Write_String (abs)        0000
__size_of__Umul8_16        (abs)        0000
__size_of___awdiv          (abs)        0000
__size_of___awmod          (abs)        0000
__size_of___fladd          (abs)        0000
__size_of___fleq           (abs)        0000
__size_of___flge           (abs)        0000
__size_of___flmul          (abs)        0000
__size_of___flneg          (abs)        0000
__size_of___flsub          (abs)        0000
__size_of___fltol          (abs)        0000
__size_of___lldiv          (abs)        0000
__size_of___llmod          (abs)        0000
__size_of___lwdiv          (abs)        0000
__size_of___lwmod          (abs)        0000
__size_of___wmul           (abs)        0000
__size_of___xxtofl         (abs)        0000
__size_of__div_to_l_       (abs)        0000
__size_of__tdiv_to_l_      (abs)        0000
__size_of_fround           (abs)        0000
__size_of_isdigit          (abs)        0000
__size_of_isr              (abs)        0000
__size_of_main             (abs)        0000
__size_of_scale            (abs)        0000
__size_of_send_char        (abs)        0000
__size_of_send_str         (abs)        0000
__size_of_setup            (abs)        0000
__size_of_sprintf          (abs)        0000
__stringbase               strings      080F
__stringtab                strings      0800
__tdiv_to_l_               text11       1F43
__tdiv_to_l_@cntr          cstackBANK0  0028
__tdiv_to_l_@exp1          cstackBANK0  0029
__tdiv_to_l_@f1            cstackCOMMON 0073
__tdiv_to_l_@f2            cstackCOMMON 0077
__tdiv_to_l_@quot          cstackBANK0  0024
_dig1                      bssBANK1     00D4
_dig2                      bssBANK1     00D0
_dig3                      bssBANK1     00CC
_dpowers                   strings      0878
_fround                    text6        10C4
_fround$1155               cstackBANK0  0051
_fround$1156               cstackBANK0  004D
_isdigit                   text5        197E
_isdigit$978               cstackCOMMON 0073
_isr                       text34       196D
_main                      maintext     1559
_op                        bssBANK0     006F
_s                         bssBANK3     0190
_scale                     text2        0C9D
_scale$1157                cstackBANK0  0050
_send_char                 text25       194B
_send_str                  text24       07B2
_setup                     text23       1A78
_sprintf                   text1        0028
_sprintf$1158              cstackBANK1  00AD
_val1                      bssBANK1     00D9
_val2                      bssBANK1     00D8
btemp                      (abs)        007E
clear_ram0                 clrtext      1943
end_of_initialization      cinit        0024
fround@prec                cstackBANK0  0055
interrupt_function         intentry     0004
intlevel0                  functab      0000
intlevel1                  functab      0000
intlevel2                  functab      0000
intlevel3                  functab      0000
intlevel4                  functab      0000
intlevel5                  functab      0000
isdigit@c                  cstackCOMMON 0074
reset_vec                  reset_vec    0000
saved_w                    (abs)        007E
scale@scl                  cstackBANK0  0054
send_char@dato             cstackCOMMON 0073
send_str@i                 cstackCOMMON 0079
send_str@st                cstackCOMMON 0074
sprintf@ap                 cstackBANK1  00B1
sprintf@c                  cstackBANK1  00C7
sprintf@eexp               cstackBANK1  00BE
sprintf@f                  cstackBANK0  006A
sprintf@flag               cstackBANK1  00B6
sprintf@fval               cstackBANK1  00C0
sprintf@prec               cstackBANK1  00C5
sprintf@sp                 cstackBANK1  00C4
sprintf@tmpval             cstackBANK1  00BA
sprintf@val                cstackBANK1  00B2
sprintf@width              cstackBANK1  00B8
start                      init         000C
start_initialization       cinit        000F
wtemp0                     (abs)        007E


MODULE INFORMATION

Module		Function		Class		Link	Load	Size
USART.c
		_send_str      		CODE           	07B2	0000	71
		_send_char     		CODE           	194B	0000	10

USART.c estimated size: 81

C:\Program Files\Microchip\xc8\v2.32\pic\sources\c90\common\isdigit.c
		_isdigit       		CODE           	197E	0000	18

C:\Program Files\Microchip\xc8\v2.32\pic\sources\c90\common\isdigit.c estimated size: 18

C:\Program Files\Microchip\xc8\v2.32\pic\sources\c90\common\sprcadd.c
		___flsub       		CODE           	1B97	0000	80
		___fladd       		CODE           	12D1	0000	648

C:\Program Files\Microchip\xc8\v2.32\pic\sources\c90\common\sprcadd.c estimated size: 728

C:\Program Files\Microchip\xc8\v2.32\pic\sources\c90\common\flge.c
		___flge        		CODE           	1DE3	0000	164

C:\Program Files\Microchip\xc8\v2.32\pic\sources\c90\common\flge.c estimated size: 164

C:\Program Files\Microchip\xc8\v2.32\pic\sources\c90\common\fldivl.c
		__div_to_l_    		CODE           	1006	0000	190

C:\Program Files\Microchip\xc8\v2.32\pic\sources\c90\common\fldivl.c estimated size: 190

C:\Program Files\Microchip\xc8\v2.32\pic\sources\c90\common\flneg.c
		___flneg       		CODE           	1955	0000	11

C:\Program Files\Microchip\xc8\v2.32\pic\sources\c90\common\flneg.c estimated size: 11

C:\Program Files\Microchip\xc8\v2.32\pic\sources\c90\common\xxtofl.c
		___xxtofl      		CODE           	1E87	0000	188

C:\Program Files\Microchip\xc8\v2.32\pic\sources\c90\common\xxtofl.c estimated size: 188

C:\Program Files\Microchip\xc8\v2.32\pic\sources\c90\common\Umul8_16.c
		__Umul8_16     		CODE           	1A0E	0000	41

C:\Program Files\Microchip\xc8\v2.32\pic\sources\c90\common\Umul8_16.c estimated size: 41

C:\Program Files\Microchip\xc8\v2.32\pic\sources\c90\common\lwmod.c
		___lwmod       		CODE           	0902	0000	58

C:\Program Files\Microchip\xc8\v2.32\pic\sources\c90\common\lwmod.c estimated size: 58

C:\Program Files\Microchip\xc8\v2.32\pic\sources\c90\common\awmod.c
		___awmod       		CODE           	1C3D	0000	89

C:\Program Files\Microchip\xc8\v2.32\pic\sources\c90\common\awmod.c estimated size: 89

Lab02.c
		_main          		CODE           	1559	0000	679
		_isr           		CODE           	196D	0000	17
		_setup         		CODE           	1A78	0000	67

Lab02.c estimated size: 763

C:\Program Files\Microchip\xc8\v2.32\pic\sources\c90\common\llmod.c
		___llmod       		CODE           	1BE7	0000	86

C:\Program Files\Microchip\xc8\v2.32\pic\sources\c90\common\llmod.c estimated size: 86

shared
		__stringtab    		STRING         	0800	0000	16
		__powers_      		STRING         	0810	0000	52
		_dpowers       		STRING         	0878	0000	40
		__npowers_     		STRING         	0844	0000	52
		__initialization		CODE           	000F	0000	21

shared estimated size: 181

C:\Program Files\Microchip\xc8\v2.32\pic\sources\c90\common\fleq.c
		___fleq        		CODE           	1B47	0000	80

C:\Program Files\Microchip\xc8\v2.32\pic\sources\c90\common\fleq.c estimated size: 80

ADC.c
		_ADC           		CODE           	193B	0000	8

ADC.c estimated size: 8

C:\Program Files\Microchip\xc8\v2.32\pic\sources\c90\common\sprcmul.c
		___flmul       		CODE           	093C	0000	865

C:\Program Files\Microchip\xc8\v2.32\pic\sources\c90\common\sprcmul.c estimated size: 865

C:\Program Files\Microchip\xc8\v2.32\pic\sources\c90\common\doprnt.c
		_scale         		CODE           	0C9D	0000	867
		_sprintf       		CODE           	0028	0000	1930
		_fround        		CODE           	10C4	0000	525

C:\Program Files\Microchip\xc8\v2.32\pic\sources\c90\common\doprnt.c estimated size: 3322

C:\Program Files\Microchip\xc8\v2.32\pic\sources\c90\common\ftdivl.c
		__tdiv_to_l_   		CODE           	1F43	0000	189

C:\Program Files\Microchip\xc8\v2.32\pic\sources\c90\common\ftdivl.c estimated size: 189

C:\Program Files\Microchip\xc8\v2.32\pic\sources\c90\common\lwdiv.c
		___lwdiv       		CODE           	1B01	0000	70

C:\Program Files\Microchip\xc8\v2.32\pic\sources\c90\common\lwdiv.c estimated size: 70

C:\Program Files\Microchip\xc8\v2.32\pic\sources\c90\common\awdiv.c
		___awdiv       		CODE           	1CFE	0000	105

C:\Program Files\Microchip\xc8\v2.32\pic\sources\c90\common\awdiv.c estimated size: 105

C:\Program Files\Microchip\xc8\v2.32\pic\sources\c90\common\Umul16.c
		___wmul        		CODE           	19E9	0000	37

C:\Program Files\Microchip\xc8\v2.32\pic\sources\c90\common\Umul16.c estimated size: 37

C:\Program Files\Microchip\xc8\v2.32\pic\sources\c90\common\fltol.c
		___fltol       		CODE           	1D67	0000	124

C:\Program Files\Microchip\xc8\v2.32\pic\sources\c90\common\fltol.c estimated size: 124

C:\Program Files\Microchip\xc8\v2.32\pic\sources\c90\common\__lldiv.c
		___lldiv       		CODE           	1C96	0000	104

C:\Program Files\Microchip\xc8\v2.32\pic\sources\c90\common\__lldiv.c estimated size: 104

LCD.c
		_Lcd_Write_String		CODE           	1ABB	0000	70
		_Lcd_Init      		CODE           	1A37	0000	65
		_Lcd_Write_Char		CODE           	19AA	0000	27
		_Lcd_Cmd       		CODE           	1990	0000	26
		_Lcd_Set_Cursor		CODE           	19C5	0000	36
		_Lcd_Clear     		CODE           	1960	0000	13
		_Lcd_Port      		CODE           	07F9	0000	6

LCD.c estimated size: 243

