Microchip MPLAB XC8 Compiler V2.32

Linker command line:

-W-3 --edf=C:\Program Files\Microchip\xc8\v2.32\pic\dat\en_msgs.txt -cn \
  -h+dist/default/production\Lab04_Master.X.production.sym \
  --cmf=dist/default/production\Lab04_Master.X.production.cmf -z -Q16F887 \
  -oC:\Users\Ale\AppData\Local\Temp\xcAsvr8.4 --defsym=__MPLAB_BUILD=1 \
  -Mdist/default/production/Lab04_Master.X.production.map -E1 \
  -ver=XC8 Compiler --acfsm=1493 -ASTACK=0110h-016Fh -pstack=STACK \
  -ACODE=00h-07FFhx4 -ASTRCODE=00h-01FFFh -ASTRING=00h-0FFhx32 \
  -ACONST=00h-0FFhx32 -AENTRY=00h-0FFhx32 -ACOMMON=070h-07Fh \
  -ABANK0=020h-06Fh -ABANK1=0A0h-0EFh -ABANK2=0110h-016Fh \
  -ABANK3=0190h-01EFh -ARAM=020h-06Fh,0A0h-0EFh,0110h-016Fh,0190h-01EFh \
  -AABS1=020h-07Fh,0A0h-0EFh,0110h-016Fh,0190h-01EFh -ASFR0=00h-01Fh \
  -ASFR1=080h-09Fh -ASFR2=0100h-010Fh -ASFR3=0180h-018Fh \
  -ACONFIG=02007h-02008h -DCONFIG=2 -AIDLOC=02000h-02003h -DIDLOC=2 \
  -AEEDATA=00h-0FFh/02100h -peeprom_data=EEDATA -DEEDATA=2 -DCODE=2 \
  -DSTRCODE=2 -DSTRING=2 -DCONST=2 -DENTRY=2 \
  -preset_vec=00h,intentry,init,end_init -ppowerup=CODE -pcinit=CODE \
  -pfunctab=ENTRY -k C:\Users\Ale\AppData\Local\Temp\xcAsvr8.o \
  dist/default/production\Lab04_Master.X.production.o 

Object code version is 3.11

Machine type is 16F887



                Name                               Link     Load   Length Selector   Space Scale
C:\Users\Ale\AppData\Local\Temp\xcAsvr8.o
                end_init                              0        0        3        0       0
                config                             2007     2007        2        0       4
dist/default/production\Lab04_Master.X.production.o
                cinit                               7E6      7E6       1A      FCC       0
                config                             2007     2007        2        0       4
                text36                             1000     1000        D     193E       0
                text35                             1B83     1B83       2E     3706       0
                text34                             1A61     1A61        9     34C2       0
                text33                             1A6A     1A6A        9     34D4       0
                text32                             1A73     1A73        A     34E6       0
                text31                             1A53     1A53        6     34A6       0
                text30                             1A9A     1A9A       1A     3534       0
                text29                              8CA      8CA        D     1194       0
                text28                             1C23     1C23       41     3846       0
                text27                             1AEF     1AEF       24     35DE       0
                text26                             1AB4     1AB4       1B     3568       0
                text25                             1C64     1C64       42     38C8       0
                text24                                5        5       66        A       0
                text23                             1BB1     1BB1       38     3762       0
                text22                             1ACF     1ACF       20     359E       0
                text21                             1CEA     1CEA       4E     39D4       0
                text20                             1DE5     1DE5       A2     3BCA       0
                text19                             1A7D     1A7D        B     34FA       0
                text18                             1578     1578      288     2AF0       0
                text17                             1B13     1B13       24     3626       0
                text16                             100D     100D       7C     201A       0
                text15                             1D38     1D38       54     3A70       0
                text14                             1B37     1B37       25     366E       0
                text13                             1E87     1E87       BC     3D0E       0
                text12                             1089     1089       BE     2112       0
                text11                             1F43     1F43       BD     3E86       0
                text10                             1B5C     1B5C       27     36B8       0
                text9                               C9F      C9F      361     193E       0
                text8                              1CA6     1CA6       44     394C       0
                text7                              1BE9     1BE9       3A     37D2       0
                text6                              1147     1147      20B     228E       0
                text5                              1A88     1A88       12     3510       0
                text4                               8D7      8D7       69     11AE       0
                text3                              1D8C     1D8C       59     3B18       0
                text2                               940      940      35F     1280       0
                text1                                6B       6B      77B       D6       0
                maintext                           1352     1352      226     26A4       0
                cstackBANK0                          20       20       4E       20       1
                cstackCOMMON                         70       70        E       70       1
                cstackBANK1                          A0       A0       29       A0       1
                clrtext                            1A59     1A59        8     34B2       0
                bssBANK3                            190      190       1E      190       1
                bssBANK1                             C9       C9        E       A0       1
                bssBANK0                             6E       6E        2       20       1
                strings                             800      800       C8     1000       0

TOTAL           Name                               Link     Load   Length     Space
        CLASS   STACK          

        CLASS   CODE           
                end_init                              0        0        3         0
                cinit                               7E6      7E6       1A         0
                text36                             1000     1000        D         0
                text35                             1B83     1B83       2E         0
                text34                             1A61     1A61        9         0
                text33                             1A6A     1A6A        9         0
                text32                             1A73     1A73        A         0
                text31                             1A53     1A53        6         0
                text30                             1A9A     1A9A       1A         0
                text29                              8CA      8CA        D         0
                text28                             1C23     1C23       41         0
                text27                             1AEF     1AEF       24         0
                text26                             1AB4     1AB4       1B         0
                text25                             1C64     1C64       42         0
                text24                                5        5       66         0
                text23                             1BB1     1BB1       38         0
                text22                             1ACF     1ACF       20         0
                text21                             1CEA     1CEA       4E         0
                text20                             1DE5     1DE5       A2         0
                text19                             1A7D     1A7D        B         0
                text18                             1578     1578      288         0
                text17                             1B13     1B13       24         0
                text16                             100D     100D       7C         0
                text15                             1D38     1D38       54         0
                text14                             1B37     1B37       25         0
                text13                             1E87     1E87       BC         0
                text12                             1089     1089       BE         0
                text11                             1F43     1F43       BD         0
                text10                             1B5C     1B5C       27         0
                text9                               C9F      C9F      361         0
                text8                              1CA6     1CA6       44         0
                text7                              1BE9     1BE9       3A         0
                text6                              1147     1147      20B         0
                text5                              1A88     1A88       12         0
                text4                               8D7      8D7       69         0
                text3                              1D8C     1D8C       59         0
                text2                               940      940      35F         0
                text1                                6B       6B      77B         0
                maintext                           1352     1352      226         0
                clrtext                            1A59     1A59        8         0

        CLASS   STRCODE        

        CLASS   STRING         
                strings                             800      800       C8         0

        CLASS   CONST          

        CLASS   ENTRY          

        CLASS   COMMON         
                cstackCOMMON                         70       70        E         1

        CLASS   BANK0          
                cstackBANK0                          20       20       4E         1
                bssBANK0                             6E       6E        2         1

        CLASS   BANK1          
                cstackBANK1                          A0       A0       29         1
                bssBANK1                             C9       C9        E         1

        CLASS   BANK2          

        CLASS   BANK3          
                bssBANK3                            190      190       1E         1

        CLASS   RAM            

        CLASS   ABS1           
                abs_s1                               7E       7E        2         1

        CLASS   SFR0           

        CLASS   SFR1           

        CLASS   SFR2           

        CLASS   SFR3           

        CLASS   CONFIG         
                config                             2007     2007        2         4

        CLASS   IDLOC          

        CLASS   EEDATA         



SEGMENTS        Name                           Load    Length   Top    Selector   Space  Class     Delta

                reset_vec                      000000  000003  000003         0       0  CODE        2
                text24                         000005  000066  00006B         A       0  CODE        2
                cstackBANK0                    000020  000050  000070        20       1  BANK0       1
                cstackCOMMON                   000070  00000E  00007E        70       1  COMMON      1
                cstackBANK1                    0000A0  000037  0000D7        A0       1  BANK1       1
                text1                          00006B  00077B  0007E6        D6       0  CODE        2
                bssBANK3                       000190  00001E  0001AE       190       1  BANK3       1
                cinit                          0007E6  00001A  000800       FCC       0  CODE        2
                strings                        000800  0000C8  0008C8      1000       0  STRING      2
                text29                         0008CA  00000D  0008D7      1194       0  CODE        2
                text4                          0008D7  000069  000940      11AE       0  CODE        2
                text2                          000940  00035F  000C9F      1280       0  CODE        2
                text9                          000C9F  00036E  00100D      193E       0  CODE        2
                text16                         00100D  00007C  001089      201A       0  CODE        2
                text12                         001089  0000BE  001147      2112       0  CODE        2
                text6                          001147  00020B  001352      228E       0  CODE        2
                maintext                       001352  000226  001578      26A4       0  CODE        2
                text18                         001578  000288  001800      2AF0       0  CODE        2
                text31                         001A53  000006  001A59      34A6       0  CODE        2
                clrtext                        001A59  000008  001A61      34B2       0  CODE        2
                text34                         001A61  000009  001A6A      34C2       0  CODE        2
                text33                         001A6A  000009  001A73      34D4       0  CODE        2
                text32                         001A73  00000A  001A7D      34E6       0  CODE        2
                text19                         001A7D  00000B  001A88      34FA       0  CODE        2
                text5                          001A88  000012  001A9A      3510       0  CODE        2
                text30                         001A9A  00001A  001AB4      3534       0  CODE        2
                text26                         001AB4  00001B  001ACF      3568       0  CODE        2
                text22                         001ACF  000020  001AEF      359E       0  CODE        2
                text27                         001AEF  000024  001B13      35DE       0  CODE        2
                text17                         001B13  000024  001B37      3626       0  CODE        2
                text14                         001B37  000025  001B5C      366E       0  CODE        2
                text10                         001B5C  000027  001B83      36B8       0  CODE        2
                text35                         001B83  00002E  001BB1      3706       0  CODE        2
                text23                         001BB1  000038  001BE9      3762       0  CODE        2
                text7                          001BE9  00003A  001C23      37D2       0  CODE        2
                text28                         001C23  000041  001C64      3846       0  CODE        2
                text25                         001C64  000042  001CA6      38C8       0  CODE        2
                text8                          001CA6  000044  001CEA      394C       0  CODE        2
                text21                         001CEA  00004E  001D38      39D4       0  CODE        2
                text15                         001D38  000054  001D8C      3A70       0  CODE        2
                text3                          001D8C  000059  001DE5      3B18       0  CODE        2
                text20                         001DE5  0000A2  001E87      3BCA       0  CODE        2
                text13                         001E87  0000BC  001F43      3D0E       0  CODE        2
                text11                         001F43  0000BD  002000      3E86       0  CODE        2


UNUSED ADDRESS RANGES

        Name                Unused          Largest block    Delta
        BANK1            00D7-00EF             19           1
        BANK2            0110-016F             60           1
        BANK3            01AE-01EF             42           1
        CODE             0003-0004              2           2
                         08C8-08C9              2
                         1800-1A52            253
        CONST            0003-0004              2           2
                         08C8-08C9              2
                         1800-1A52            100
        EEDATA           2100-21FF            100           2
        ENTRY            0003-0004              2           2
                         08C8-08C9              2
                         1800-1A52            100
        IDLOC            2000-2003              4           2
        RAM              00D7-00EF             19           1
                         0110-016F             60
                         01AE-01EF             42
        SFR0             0000-001F             20           1
        SFR1             0080-009F             20           1
        SFR2             0100-010F             10           1
        SFR3             0180-018F             10           1
        STACK            0110-016F             60           1
        STRCODE          0003-0004              2           2
                         08C8-08C9              2
                         1800-1A52            253
        STRING           0003-0004              2           2
                         08C8-08C9              2
                         1800-1A52            100

                                  Symbol Table

?_I2C_Master_Read          cstackCOMMON 0070
?__Umul8_16                cstackCOMMON 0070
?___awdiv                  cstackCOMMON 0077
?___awmod                  cstackCOMMON 0070
?___fladd                  cstackBANK0  0052
?___flmul                  cstackBANK0  0024
?___flneg                  cstackCOMMON 0070
?___flsub                  cstackBANK0  0066
?___fltol                  cstackBANK0  0051
?___lldiv                  cstackCOMMON 0070
?___llmod                  cstackCOMMON 0070
?___lwdiv                  cstackCOMMON 0076
?___lwmod                  cstackCOMMON 0070
?___wmul                   cstackCOMMON 0070
?___xxtofl                 cstackCOMMON 0076
?__div_to_l_               cstackCOMMON 0070
?__tdiv_to_l_              cstackCOMMON 0070
?_fround                   cstackBANK0  003E
?_scale                    cstackBANK0  003E
?_sprintf                  cstackBANK1  00A0
I2C_Master_Init@c          cstackBANK0  0020
I2C_Master_Read@a          cstackCOMMON 0070
I2C_Master_Read@temp       cstackCOMMON 0074
I2C_Master_Write@d         cstackCOMMON 0070
Lcd_Cmd@a                  cstackCOMMON 0073
Lcd_Port@a                 cstackCOMMON 0070
Lcd_Set_Cursor@a           cstackCOMMON 0076
Lcd_Set_Cursor@b           cstackCOMMON 0074
Lcd_Set_Cursor@temp        cstackCOMMON 0077
Lcd_Write_Char@a           cstackCOMMON 0072
Lcd_Write_String@a         cstackCOMMON 0073
Lcd_Write_String@i         cstackCOMMON 0078
_ANSEL                     (abs)        0188
_ANSELH                    (abs)        0189
_GIE                       (abs)        005F
_I2C_Master_Init           text23       1BB1
_I2C_Master_Read           text35       1B83
_I2C_Master_Start          text34       1A61
_I2C_Master_Stop           text33       1A6A
_I2C_Master_Wait           text36       1000
_I2C_Master_Write          text32       1A73
_Lcd_Clear                 text29       08CA
_Lcd_Cmd                   text30       1A9A
_Lcd_Init                  text28       1C23
_Lcd_Port                  text31       1A53
_Lcd_Set_Cursor            text27       1AEF
_Lcd_Write_Char            text26       1AB4
_Lcd_Write_String          text25       1C64
_PEIE                      (abs)        005E
_PORTB                     (abs)        0006
_PORTCbits                 (abs)        0007
_PORTD                     (abs)        0008
_SSPADD                    (abs)        0093
_SSPBUF                    (abs)        0013
_SSPCON                    (abs)        0014
_SSPCON2                   (abs)        0091
_SSPCON2bits               (abs)        0091
_SSPIE                     (abs)        0463
_SSPIF                     (abs)        0063
_SSPSTAT                   (abs)        0094
_TRISB                     (abs)        0086
_TRISC3                    (abs)        043B
_TRISC4                    (abs)        043C
_TRISCbits                 (abs)        0087
_TRISD                     (abs)        0088
__Habs1                    abs1         0000
__Hbank0                   bank0        0000
__Hbank1                   bank1        0000
__Hbank2                   bank2        0000
__Hbank3                   bank3        0000
__HbssBANK0                bssBANK0     0000
__HbssBANK1                bssBANK1     0000
__HbssBANK3                bssBANK3     0000
__Hcinit                   cinit        0800
__Hclrtext                 clrtext      0000
__Hcode                    code         0000
__Hcommon                  common       0000
__Hconfig                  config       2009
__HcstackBANK0             cstackBANK0  0000
__HcstackBANK1             cstackBANK1  0000
__HcstackCOMMON            cstackCOMMON 0000
__Heeprom_data             eeprom_data  0000
__Hend_init                end_init     0003
__Hfunctab                 functab      0000
__Hinit                    init         0000
__Hintentry                intentry     0000
__Hmaintext                maintext     0000
__Hpowerup                 powerup      0000
__Hram                     ram          0000
__Hreset_vec               reset_vec    0000
__Hsfr0                    sfr0         0000
__Hsfr1                    sfr1         0000
__Hsfr2                    sfr2         0000
__Hsfr3                    sfr3         0000
__Hspace_0                 (abs)        2000
__Hspace_1                 (abs)        01AE
__Hspace_2                 (abs)        0000
__Hspace_3                 (abs)        0000
__Hspace_4                 (abs)        4010
__Hstack                   stack        0000
__Hstrings                 strings      0000
__Htext                    text         0000
__Labs1                    abs1         0000
__Lbank0                   bank0        0000
__Lbank1                   bank1        0000
__Lbank2                   bank2        0000
__Lbank3                   bank3        0000
__LbssBANK0                bssBANK0     0000
__LbssBANK1                bssBANK1     0000
__LbssBANK3                bssBANK3     0000
__Lcinit                   cinit        07E6
__Lclrtext                 clrtext      0000
__Lcode                    code         0000
__Lcommon                  common       0000
__Lconfig                  config       0000
__LcstackBANK0             cstackBANK0  0000
__LcstackBANK1             cstackBANK1  0000
__LcstackCOMMON            cstackCOMMON 0000
__Leeprom_data             eeprom_data  0000
__Lend_init                end_init     0000
__Lfunctab                 functab      0000
__Linit                    init         0000
__Lintentry                intentry     0000
__Lmaintext                maintext     0000
__Lpowerup                 powerup      0000
__Lram                     ram          0000
__Lreset_vec               reset_vec    0000
__Lsfr0                    sfr0         0000
__Lsfr1                    sfr1         0000
__Lsfr2                    sfr2         0000
__Lsfr3                    sfr3         0000
__Lspace_0                 (abs)        0000
__Lspace_1                 (abs)        0000
__Lspace_2                 (abs)        0000
__Lspace_3                 (abs)        0000
__Lspace_4                 (abs)        0000
__Lstack                   stack        0000
__Lstrings                 strings      0000
__Ltext                    text         0000
__S0                       (abs)        2000
__S1                       (abs)        01AE
__S2                       (abs)        0000
__S3                       (abs)        0000
__Umul8_16                 text10       1B5C
__Umul8_16@multiplicand    cstackCOMMON 0070
__Umul8_16@multiplier      cstackCOMMON 0078
__Umul8_16@product         cstackCOMMON 0074
__Umul8_16@word_mpld       cstackCOMMON 0076
___awdiv                   text4        08D7
___awdiv@counter           cstackBANK0  0020
___awdiv@dividend          cstackCOMMON 0079
___awdiv@divisor           cstackCOMMON 0077
___awdiv@quotient          cstackBANK0  0022
___awdiv@sign              cstackBANK0  0021
___awmod                   text3        1D8C
___awmod@counter           cstackCOMMON 0075
___awmod@dividend          cstackCOMMON 0072
___awmod@divisor           cstackCOMMON 0070
___awmod@sign              cstackCOMMON 0076
___fladd                   text18       1578
___fladd@a                 cstackBANK0  0056
___fladd@aexp              cstackBANK0  0063
___fladd@b                 cstackBANK0  0052
___fladd@bexp              cstackBANK0  0064
___fladd@grs               cstackBANK0  0065
___fladd@signs             cstackBANK0  0062
___fleq                    text21       1CEA
___fleq@ff1                cstackCOMMON 0070
___fleq@ff2                cstackCOMMON 0074
___flge                    text20       1DE5
___flge@ff1                cstackCOMMON 0070
___flge@ff2                cstackCOMMON 0074
___flmul                   text9        0C9F
___flmul@a                 cstackBANK0  0028
___flmul@aexp              cstackBANK0  0036
___flmul@b                 cstackBANK0  0024
___flmul@bexp              cstackBANK0  0037
___flmul@grs               cstackBANK0  0032
___flmul@prod              cstackBANK0  0038
___flmul@sign              cstackBANK0  0031
___flmul@temp              cstackBANK0  003C
___flneg                   text19       1A7D
___flneg@f1                cstackCOMMON 0070
___flsub                   text17       1B13
___flsub@a                 cstackBANK0  0066
___flsub@b                 cstackBANK0  006A
___fltol                   text16       100D
___fltol@exp1              cstackBANK0  005B
___fltol@f1                cstackBANK0  0051
___fltol@sign1             cstackBANK0  005A
___int_sp                  stack        0000
___latbits                 (abs)        0002
___lldiv                   text24       0005
___lldiv@counter           cstackCOMMON 007D
___lldiv@dividend          cstackCOMMON 0074
___lldiv@divisor           cstackCOMMON 0070
___lldiv@quotient          cstackCOMMON 0079
___llmod                   text15       1D38
___llmod@counter           cstackCOMMON 0079
___llmod@dividend          cstackCOMMON 0074
___llmod@divisor           cstackCOMMON 0070
___lwdiv                   text8        1CA6
___lwdiv@counter           cstackCOMMON 007D
___lwdiv@dividend          cstackCOMMON 0078
___lwdiv@divisor           cstackCOMMON 0076
___lwdiv@quotient          cstackCOMMON 007B
___lwmod                   text7        1BE9
___lwmod@counter           cstackCOMMON 0075
___lwmod@dividend          cstackCOMMON 0072
___lwmod@divisor           cstackCOMMON 0070
___sp                      stack        0000
___stackhi                 (abs)        0000
___stacklo                 (abs)        0000
___wmul                    text14       1B37
___wmul@multiplicand       cstackCOMMON 0072
___wmul@multiplier         cstackCOMMON 0070
___wmul@product            cstackCOMMON 0074
___xxtofl                  text13       1E87
___xxtofl@arg              cstackBANK0  0022
___xxtofl@exp              cstackBANK0  0021
___xxtofl@sign             cstackBANK0  0020
___xxtofl@val              cstackCOMMON 0076
__div_to_l_                text12       1089
__div_to_l_@cntr           cstackBANK0  0024
__div_to_l_@exp1           cstackBANK0  0025
__div_to_l_@f1             cstackCOMMON 0070
__div_to_l_@f2             cstackCOMMON 0074
__div_to_l_@quot           cstackBANK0  0020
__end_of_I2C_Master_Init   text23       1BE9
__end_of_I2C_Master_Read   text35       1BB1
__end_of_I2C_Master_Start  text34       1A6A
__end_of_I2C_Master_Stop   text33       1A73
__end_of_I2C_Master_Wait   text36       100D
__end_of_I2C_Master_Write  text32       1A7D
__end_of_Lcd_Clear         text29       08D7
__end_of_Lcd_Cmd           text30       1AB4
__end_of_Lcd_Init          text28       1C64
__end_of_Lcd_Port          text31       1A59
__end_of_Lcd_Set_Cursor    text27       1B13
__end_of_Lcd_Write_Char    text26       1ACF
__end_of_Lcd_Write_String  text25       1CA6
__end_of__Umul8_16         text10       1B83
__end_of___awdiv           text4        0940
__end_of___awmod           text3        1DE5
__end_of___fladd           text18       1800
__end_of___fleq            text21       1D38
__end_of___flge            text20       1E87
__end_of___flmul           text9        1000
__end_of___flneg           text19       1A88
__end_of___flsub           text17       1B37
__end_of___fltol           text16       1089
__end_of___lldiv           text24       006B
__end_of___llmod           text15       1D8C
__end_of___lwdiv           text8        1CEA
__end_of___lwmod           text7        1C23
__end_of___wmul            text14       1B5C
__end_of___xxtofl          text13       1F43
__end_of__div_to_l_        text12       1147
__end_of__initialization   cinit        07FC
__end_of__npowers_         strings      0878
__end_of__powers_          strings      0844
__end_of__stringtab        strings      0810
__end_of__tdiv_to_l_       text11       2000
__end_of_dpowers           strings      08A0
__end_of_fround            text6        1352
__end_of_isdigit           text5        1A9A
__end_of_main              maintext     1578
__end_of_scale             text2        0C9F
__end_of_setup             text22       1AEF
__end_of_sprintf           text1        07E6
__initialization           cinit        07E6
__npowers_                 strings      0844
__pbssBANK0                bssBANK0     006E
__pbssBANK1                bssBANK1     00C9
__pbssBANK3                bssBANK3     0190
__pcstackBANK0             cstackBANK0  0020
__pcstackBANK1             cstackBANK1  00A0
__pcstackCOMMON            cstackCOMMON 0070
__pmaintext                maintext     1352
__powers_                  strings      0810
__pstrings                 strings      0800
__ptext1                   text1        006B
__ptext10                  text10       1B5C
__ptext11                  text11       1F43
__ptext12                  text12       1089
__ptext13                  text13       1E87
__ptext14                  text14       1B37
__ptext15                  text15       1D38
__ptext16                  text16       100D
__ptext17                  text17       1B13
__ptext18                  text18       1578
__ptext19                  text19       1A7D
__ptext2                   text2        0940
__ptext20                  text20       1DE5
__ptext21                  text21       1CEA
__ptext22                  text22       1ACF
__ptext23                  text23       1BB1
__ptext24                  text24       0005
__ptext25                  text25       1C64
__ptext26                  text26       1AB4
__ptext27                  text27       1AEF
__ptext28                  text28       1C23
__ptext29                  text29       08CA
__ptext3                   text3        1D8C
__ptext30                  text30       1A9A
__ptext31                  text31       1A53
__ptext32                  text32       1A73
__ptext33                  text33       1A6A
__ptext34                  text34       1A61
__ptext35                  text35       1B83
__ptext36                  text36       1000
__ptext4                   text4        08D7
__ptext5                   text5        1A88
__ptext6                   text6        1147
__ptext7                   text7        1BE9
__ptext8                   text8        1CA6
__ptext9                   text9        0C9F
__size_of_I2C_Master_Init  (abs)        0000
__size_of_I2C_Master_Read  (abs)        0000
__size_of_I2C_Master_Start (abs)        0000
__size_of_I2C_Master_Stop  (abs)        0000
__size_of_I2C_Master_Wait  (abs)        0000
__size_of_I2C_Master_Write (abs)        0000
__size_of_Lcd_Clear        (abs)        0000
__size_of_Lcd_Cmd          (abs)        0000
__size_of_Lcd_Init         (abs)        0000
__size_of_Lcd_Port         (abs)        0000
__size_of_Lcd_Set_Cursor   (abs)        0000
__size_of_Lcd_Write_Char   (abs)        0000
__size_of_Lcd_Write_String (abs)        0000
__size_of__Umul8_16        (abs)        0000
__size_of___awdiv          (abs)        0000
__size_of___awmod          (abs)        0000
__size_of___fladd          (abs)        0000
__size_of___fleq           (abs)        0000
__size_of___flge           (abs)        0000
__size_of___flmul          (abs)        0000
__size_of___flneg          (abs)        0000
__size_of___flsub          (abs)        0000
__size_of___fltol          (abs)        0000
__size_of___lldiv          (abs)        0000
__size_of___llmod          (abs)        0000
__size_of___lwdiv          (abs)        0000
__size_of___lwmod          (abs)        0000
__size_of___wmul           (abs)        0000
__size_of___xxtofl         (abs)        0000
__size_of__div_to_l_       (abs)        0000
__size_of__tdiv_to_l_      (abs)        0000
__size_of_fround           (abs)        0000
__size_of_isdigit          (abs)        0000
__size_of_main             (abs)        0000
__size_of_scale            (abs)        0000
__size_of_setup            (abs)        0000
__size_of_sprintf          (abs)        0000
__stringbase               strings      080F
__stringtab                strings      0800
__tdiv_to_l_               text11       1F43
__tdiv_to_l_@cntr          cstackBANK0  0024
__tdiv_to_l_@exp1          cstackBANK0  0025
__tdiv_to_l_@f1            cstackCOMMON 0070
__tdiv_to_l_@f2            cstackCOMMON 0074
__tdiv_to_l_@quot          cstackBANK0  0020
_dig1                      bssBANK1     00D1
_dig2                      bssBANK1     00CD
_dig3                      bssBANK1     00C9
_dpowers                   strings      0878
_fround                    text6        1147
_fround$939                cstackBANK0  004D
_fround$940                cstackBANK0  0049
_isdigit                   text5        1A88
_isdigit$759               cstackCOMMON 0070
_main                      maintext     1352
_op                        bssBANK1     00D5
_s                         bssBANK3     0190
_scale                     text2        0940
_scale$941                 cstackBANK0  004C
_setup                     text22       1ACF
_sprintf                   text1        006B
_sprintf$942               cstackBANK1  00AA
btemp                      (abs)        007E
clear_ram0                 clrtext      1A59
end_of_initialization      cinit        07FC
fround@prec                cstackBANK0  0051
intlevel0                  functab      0000
intlevel1                  functab      0000
intlevel2                  functab      0000
intlevel3                  functab      0000
intlevel4                  functab      0000
intlevel5                  functab      0000
isdigit@c                  cstackCOMMON 0071
reset_vec                  reset_vec    0000
scale@scl                  cstackBANK0  0050
sprintf@ap                 cstackBANK1  00AE
sprintf@c                  cstackBANK1  00C4
sprintf@eexp               cstackBANK1  00BB
sprintf@f                  cstackBANK1  00A0
sprintf@flag               cstackBANK1  00B3
sprintf@fval               cstackBANK1  00BD
sprintf@prec               cstackBANK1  00C2
sprintf@sp                 cstackBANK1  00C1
sprintf@tmpval             cstackBANK1  00B7
sprintf@val                cstackBANK1  00AF
sprintf@width              cstackBANK1  00B5
start                      init         0000
start_initialization       cinit        07E6
wtemp0                     (abs)        007E


MODULE INFORMATION

Module		Function		Class		Link	Load	Size
Master.c
		_main          		CODE           	1352	0000	550
		_setup         		CODE           	1ACF	0000	32

Master.c estimated size: 582

C:\Program Files\Microchip\xc8\v2.32\pic\sources\c90\common\isdigit.c
		_isdigit       		CODE           	1A88	0000	18

C:\Program Files\Microchip\xc8\v2.32\pic\sources\c90\common\isdigit.c estimated size: 18

C:\Program Files\Microchip\xc8\v2.32\pic\sources\c90\common\sprcadd.c
		___flsub       		CODE           	1B13	0000	36
		___fladd       		CODE           	1578	0000	648

C:\Program Files\Microchip\xc8\v2.32\pic\sources\c90\common\sprcadd.c estimated size: 684

C:\Program Files\Microchip\xc8\v2.32\pic\sources\c90\common\flge.c
		___flge        		CODE           	1DE5	0000	162

C:\Program Files\Microchip\xc8\v2.32\pic\sources\c90\common\flge.c estimated size: 162

C:\Program Files\Microchip\xc8\v2.32\pic\sources\c90\common\fldivl.c
		__div_to_l_    		CODE           	1089	0000	190

C:\Program Files\Microchip\xc8\v2.32\pic\sources\c90\common\fldivl.c estimated size: 190

C:\Program Files\Microchip\xc8\v2.32\pic\sources\c90\common\flneg.c
		___flneg       		CODE           	1A7D	0000	11

C:\Program Files\Microchip\xc8\v2.32\pic\sources\c90\common\flneg.c estimated size: 11

C:\Program Files\Microchip\xc8\v2.32\pic\sources\c90\common\xxtofl.c
		___xxtofl      		CODE           	1E87	0000	188

C:\Program Files\Microchip\xc8\v2.32\pic\sources\c90\common\xxtofl.c estimated size: 188

C:\Program Files\Microchip\xc8\v2.32\pic\sources\c90\common\Umul8_16.c
		__Umul8_16     		CODE           	1B5C	0000	39

C:\Program Files\Microchip\xc8\v2.32\pic\sources\c90\common\Umul8_16.c estimated size: 39

I2C.c
		_I2C_Master_Read		CODE           	1B83	0000	46
		_I2C_Master_Wait		CODE           	1000	0000	13
		_I2C_Master_Init		CODE           	1BB1	0000	56
		_I2C_Master_Stop		CODE           	1A6A	0000	9
		_I2C_Master_Write		CODE           	1A73	0000	10
		_I2C_Master_Start		CODE           	1A61	0000	9

I2C.c estimated size: 143

C:\Program Files\Microchip\xc8\v2.32\pic\sources\c90\common\lwmod.c
		___lwmod       		CODE           	1BE9	0000	58

C:\Program Files\Microchip\xc8\v2.32\pic\sources\c90\common\lwmod.c estimated size: 58

C:\Program Files\Microchip\xc8\v2.32\pic\sources\c90\common\awmod.c
		___awmod       		CODE           	1D8C	0000	89

C:\Program Files\Microchip\xc8\v2.32\pic\sources\c90\common\awmod.c estimated size: 89

C:\Program Files\Microchip\xc8\v2.32\pic\sources\c90\common\llmod.c
		___llmod       		CODE           	1D38	0000	84

C:\Program Files\Microchip\xc8\v2.32\pic\sources\c90\common\llmod.c estimated size: 84

shared
		__stringtab    		STRING         	0800	0000	16
		__powers_      		STRING         	0810	0000	52
		_dpowers       		STRING         	0878	0000	40
		__npowers_     		STRING         	0844	0000	52
		__initialization		CODE           	07E6	0000	22

shared estimated size: 182

C:\Program Files\Microchip\xc8\v2.32\pic\sources\c90\common\fleq.c
		___fleq        		CODE           	1CEA	0000	78

C:\Program Files\Microchip\xc8\v2.32\pic\sources\c90\common\fleq.c estimated size: 78

C:\Program Files\Microchip\xc8\v2.32\pic\sources\c90\common\sprcmul.c
		___flmul       		CODE           	0C9F	0000	865

C:\Program Files\Microchip\xc8\v2.32\pic\sources\c90\common\sprcmul.c estimated size: 865

C:\Program Files\Microchip\xc8\v2.32\pic\sources\c90\common\doprnt.c
		_scale         		CODE           	0940	0000	863
		_sprintf       		CODE           	006B	0000	1915
		_fround        		CODE           	1147	0000	523

C:\Program Files\Microchip\xc8\v2.32\pic\sources\c90\common\doprnt.c estimated size: 3301

C:\Program Files\Microchip\xc8\v2.32\pic\sources\c90\common\ftdivl.c
		__tdiv_to_l_   		CODE           	1F43	0000	189

C:\Program Files\Microchip\xc8\v2.32\pic\sources\c90\common\ftdivl.c estimated size: 189

C:\Program Files\Microchip\xc8\v2.32\pic\sources\c90\common\lwdiv.c
		___lwdiv       		CODE           	1CA6	0000	68

C:\Program Files\Microchip\xc8\v2.32\pic\sources\c90\common\lwdiv.c estimated size: 68

C:\Program Files\Microchip\xc8\v2.32\pic\sources\c90\common\awdiv.c
		___awdiv       		CODE           	08D7	0000	105

C:\Program Files\Microchip\xc8\v2.32\pic\sources\c90\common\awdiv.c estimated size: 105

C:\Program Files\Microchip\xc8\v2.32\pic\sources\c90\common\Umul16.c
		___wmul        		CODE           	1B37	0000	37

C:\Program Files\Microchip\xc8\v2.32\pic\sources\c90\common\Umul16.c estimated size: 37

C:\Program Files\Microchip\xc8\v2.32\pic\sources\c90\common\fltol.c
		___fltol       		CODE           	100D	0000	124

C:\Program Files\Microchip\xc8\v2.32\pic\sources\c90\common\fltol.c estimated size: 124

C:\Program Files\Microchip\xc8\v2.32\pic\sources\c90\common\__lldiv.c
		___lldiv       		CODE           	0005	0000	102

C:\Program Files\Microchip\xc8\v2.32\pic\sources\c90\common\__lldiv.c estimated size: 102

LCD.c
		_Lcd_Write_String		CODE           	1C64	0000	66
		_Lcd_Init      		CODE           	1C23	0000	65
		_Lcd_Write_Char		CODE           	1AB4	0000	27
		_Lcd_Cmd       		CODE           	1A9A	0000	26
		_Lcd_Set_Cursor		CODE           	1AEF	0000	36
		_Lcd_Clear     		CODE           	08CA	0000	13
		_Lcd_Port      		CODE           	1A53	0000	6

LCD.c estimated size: 239

